Component: ARM Compiler 5.06 update 7 (build 960) Tool: armlink [4d3601]

==============================================================================

Section Cross References

    main.o(.text) refers to sys.o(.text) for sys_init
    main.o(.text) refers to lcd.o(.text) for LCD_Clear
    main.o(.text) refers to timer.o(.text) for TIM2_Init
    main.o(.text) refers to function.o(.text) for Beep_Set
    main.o(.text) refers to usart.o(.text) for USART1_SendByte
    main.o(.text) refers to key.o(.text) for Key_Handle
    main.o(.text) refers to timer.o(.data) for Timer_Structure
    system_stm32f4xx.o(.text) refers to system_stm32f4xx.o(.data) for SystemCoreClock
    startup_stm32f40_41xxx.o(RESET) refers to startup_stm32f40_41xxx.o(STACK) for __initial_sp
    startup_stm32f40_41xxx.o(RESET) refers to startup_stm32f40_41xxx.o(.text) for Reset_Handler
    startup_stm32f40_41xxx.o(RESET) refers to stm32f4xx_it.o(.text) for NMI_Handler
    startup_stm32f40_41xxx.o(RESET) refers to timer.o(.text) for TIM2_IRQHandler
    startup_stm32f40_41xxx.o(RESET) refers to usart.o(.text) for USART1_IRQHandler
    startup_stm32f40_41xxx.o(.text) refers to system_stm32f4xx.o(.text) for SystemInit
    startup_stm32f40_41xxx.o(.text) refers to entry.o(.ARM.Collect$$$$00000000) for __main
    stm32f4xx_adc.o(.text) refers to stm32f4xx_rcc.o(.text) for RCC_APB2PeriphResetCmd
    stm32f4xx_can.o(.text) refers to stm32f4xx_rcc.o(.text) for RCC_APB1PeriphResetCmd
    stm32f4xx_cryp.o(.text) refers to stm32f4xx_rcc.o(.text) for RCC_AHB2PeriphResetCmd
    stm32f4xx_cryp_aes.o(.text) refers to stm32f4xx_cryp.o(.text) for CRYP_KeyStructInit
    stm32f4xx_cryp_des.o(.text) refers to stm32f4xx_cryp.o(.text) for CRYP_KeyStructInit
    stm32f4xx_cryp_tdes.o(.text) refers to stm32f4xx_cryp.o(.text) for CRYP_KeyStructInit
    stm32f4xx_dac.o(.text) refers to stm32f4xx_rcc.o(.text) for RCC_APB1PeriphResetCmd
    stm32f4xx_dma2d.o(.text) refers to stm32f4xx_rcc.o(.text) for RCC_AHB1PeriphResetCmd
    stm32f4xx_fsmc.o(.text) refers to stm32f4xx_fsmc.o(.constdata) for FSMC_DefaultTimingStruct
    stm32f4xx_gpio.o(.text) refers to stm32f4xx_rcc.o(.text) for RCC_AHB1PeriphResetCmd
    stm32f4xx_hash.o(.text) refers to stm32f4xx_rcc.o(.text) for RCC_AHB2PeriphResetCmd
    stm32f4xx_hash_md5.o(.text) refers to stm32f4xx_hash.o(.text) for HASH_DeInit
    stm32f4xx_hash_sha1.o(.text) refers to stm32f4xx_hash.o(.text) for HASH_DeInit
    stm32f4xx_i2c.o(.text) refers to stm32f4xx_rcc.o(.text) for RCC_APB1PeriphResetCmd
    stm32f4xx_ltdc.o(.text) refers to stm32f4xx_rcc.o(.text) for RCC_APB2PeriphResetCmd
    stm32f4xx_pwr.o(.text) refers to stm32f4xx_rcc.o(.text) for RCC_APB1PeriphResetCmd
    stm32f4xx_rcc.o(.text) refers to stm32f4xx_rcc.o(.data) for APBAHBPrescTable
    stm32f4xx_rng.o(.text) refers to stm32f4xx_rcc.o(.text) for RCC_AHB2PeriphResetCmd
    stm32f4xx_sai.o(.text) refers to stm32f4xx_rcc.o(.text) for RCC_APB2PeriphResetCmd
    stm32f4xx_sdio.o(.text) refers to stm32f4xx_rcc.o(.text) for RCC_APB2PeriphResetCmd
    stm32f4xx_spi.o(.text) refers to stm32f4xx_rcc.o(.text) for RCC_APB2PeriphResetCmd
    stm32f4xx_syscfg.o(.text) refers to stm32f4xx_rcc.o(.text) for RCC_APB2PeriphResetCmd
    stm32f4xx_tim.o(.text) refers to stm32f4xx_rcc.o(.text) for RCC_APB2PeriphResetCmd
    stm32f4xx_usart.o(.text) refers to stm32f4xx_rcc.o(.text) for RCC_APB2PeriphResetCmd
    stm32f4xx_wwdg.o(.text) refers to stm32f4xx_rcc.o(.text) for RCC_APB1PeriphResetCmd
    delay.o(.text) refers to misc.o(.text) for SysTick_CLKSourceConfig
    delay.o(.text) refers to delay.o(.data) for fac_us
    sys.o(.text) refers to delay.o(.text) for delay_init
    sys.o(.text) refers to usart.o(.text) for uart_init
    sys.o(.text) refers to usart2.o(.text) for uart2_init
    sys.o(.text) refers to key.o(.text) for KEY_Init
    sys.o(.text) refers to lcd.o(.text) for LCD_Init
    sys.o(.text) refers to led.o(.text) for LED_Init
    sys.o(.text) refers to iic.o(.text) for I2C_INIT
    sys.o(.text) refers to iic2.o(.text) for I2C_INIT_2
    sys.o(.text) refers to function.o(.text) for Beep_Init
    sys.o(.text) refers to gx310.o(.text) for GX310_Write_conf
    usart.o(.text) refers to stm32f4xx_rcc.o(.text) for RCC_AHB1PeriphClockCmd
    usart.o(.text) refers to stm32f4xx_gpio.o(.text) for GPIO_PinAFConfig
    usart.o(.text) refers to stm32f4xx_usart.o(.text) for USART_Init
    usart.o(.text) refers to misc.o(.text) for NVIC_Init
    usart.o(.text) refers to function.o(.text) for blood_pressure
    usart.o(.text) refers to usart.o(.data) for Res
    usart.o(.text) refers to usart.o(.bss) for Data50buf
    usart2.o(.text) refers to stm32f4xx_rcc.o(.text) for RCC_AHB1PeriphClockCmd
    usart2.o(.text) refers to stm32f4xx_gpio.o(.text) for GPIO_PinAFConfig
    usart2.o(.text) refers to stm32f4xx_usart.o(.text) for USART_Init
    timer.o(.text) refers to stm32f4xx_rcc.o(.text) for RCC_APB1PeriphClockCmd
    timer.o(.text) refers to stm32f4xx_tim.o(.text) for TIM_TimeBaseInit
[...]
    Removing stm32f4xx_wwdg.o(.rrx_text), (6 bytes).
    Removing stm32f4xx_wwdg.o(.text), (144 bytes).
    Removing delay.o(.rev16_text), (4 bytes).
    Removing delay.o(.revsh_text), (4 bytes).
    Removing delay.o(.rrx_text), (6 bytes).
    Removing sys.o(.rev16_text), (4 bytes).
    Removing sys.o(.revsh_text), (4 bytes).
    Removing sys.o(.rrx_text), (6 bytes).
    Removing sys.o(.emb_text), (16 bytes).
    Removing usart.o(.rev16_text), (4 bytes).
    Removing usart.o(.revsh_text), (4 bytes).
    Removing usart.o(.rrx_text), (6 bytes).
    Removing usart2.o(.rev16_text), (4 bytes).
    Removing usart2.o(.revsh_text), (4 bytes).
    Removing usart2.o(.rrx_text), (6 bytes).
    Removing usart2.o(.bss), (200 bytes).
    Removing usart2.o(.data), (2 bytes).
    Removing timer.o(.rev16_text), (4 bytes).
    Removing timer.o(.revsh_text), (4 bytes).
    Removing timer.o(.rrx_text), (6 bytes).
    Removing key.o(.rev16_text), (4 bytes).
    Removing key.o(.revsh_text), (4 bytes).
    Removing key.o(.rrx_text), (6 bytes).
    Removing led.o(.rev16_text), (4 bytes).
    Removing led.o(.revsh_text), (4 bytes).
    Removing led.o(.rrx_text), (6 bytes).
    Removing lcd.o(.rev16_text), (4 bytes).
    Removing lcd.o(.revsh_text), (4 bytes).
    Removing lcd.o(.rrx_text), (6 bytes).
    Removing iic.o(.rev16_text), (4 bytes).
    Removing iic.o(.revsh_text), (4 bytes).
    Removing iic.o(.rrx_text), (6 bytes).
    Removing iic2.o(.rev16_text), (4 bytes).
    Removing iic2.o(.revsh_text), (4 bytes).
    Removing iic2.o(.rrx_text), (6 bytes).
    Removing gx310.o(.rev16_text), (4 bytes).
    Removing gx310.o(.revsh_text), (4 bytes).
    Removing gx310.o(.rrx_text), (6 bytes).
    Removing function.o(.rev16_text), (4 bytes).
    Removing function.o(.revsh_text), (4 bytes).
    Removing function.o(.rrx_text), (6 bytes).
    Removing dfixul.o(.text), (48 bytes).

184 unused section(s) (total 27476 bytes) removed from the image.

==============================================================================

Image Symbol Table

    Local Symbols

    Symbol Name                              Value     Ov Type        Size  Object(Section)

    ../clib/microlib/division.c              0x00000000   Number         0  uidiv.o ABSOLUTE
    ../clib/microlib/division.c              0x00000000   Number         0  uldiv.o ABSOLUTE
    ../clib/microlib/init/entry.s            0x00000000   Number         0  entry10a.o ABSOLUTE
    ../clib/microlib/init/entry.s            0x00000000   Number         0  entry9a.o ABSOLUTE
    ../clib/microlib/init/entry.s            0x00000000   Number         0  entry8b.o ABSOLUTE
    ../clib/microlib/init/entry.s            0x00000000   Number         0  entry.o ABSOLUTE
    ../clib/microlib/init/entry.s            0x00000000   Number         0  entry5.o ABSOLUTE
    ../clib/microlib/init/entry.s            0x00000000   Number         0  entry10b.o ABSOLUTE
    ../clib/microlib/init/entry.s            0x00000000   Number         0  entry7a.o ABSOLUTE
    ../clib/microlib/init/entry.s            0x00000000   Number         0  entry2.o ABSOLUTE
    ../clib/microlib/init/entry.s            0x00000000   Number         0  entry8a.o ABSOLUTE
    ../clib/microlib/init/entry.s            0x00000000   Number         0  entry7b.o ABSOLUTE
    ../clib/microlib/init/entry.s            0x00000000   Number         0  entry12b.o ABSOLUTE
    ../clib/microlib/init/entry.s            0x00000000   Number         0  entry12a.o ABSOLUTE
    ../clib/microlib/init/entry.s            0x00000000   Number         0  entry11b.o ABSOLUTE
    ../clib/microlib/init/entry.s            0x00000000   Number         0  entry9b.o ABSOLUTE
    ../clib/microlib/init/entry.s            0x00000000   Number         0  entry11a.o ABSOLUTE
    ../clib/microlib/longlong.c              0x00000000   Number         0  llsshr.o ABSOLUTE
    ../clib/microlib/longlong.c              0x00000000   Number         0  llushr.o ABSOLUTE
    ../clib/microlib/longlong.c              0x00000000   Number         0  llshl.o ABSOLUTE
    ../clib/microlib/printf/printf.c         0x00000000   Number         0  printfa.o ABSOLUTE
    ../clib/microlib/printf/printf.c         0x00000000   Number         0  printf6.o ABSOLUTE
    ../clib/microlib/printf/printf.c         0x00000000   Number         0  printf5.o ABSOLUTE
    ../clib/microlib/printf/printf.c         0x00000000   Number         0  printf3.o ABSOLUTE
    ../clib/microlib/printf/printf.c         0x00000000   Number         0  printf4.o ABSOLUTE
    ../clib/microlib/printf/printf.c         0x00000000   Number         0  printfb.o ABSOLUTE
    ../clib/microlib/printf/printf.c         0x00000000   Number         0  printf8.o ABSOLUTE
    ../clib/microlib/printf/printf.c         0x00000000   Number         0  printf0.o ABSOLUTE
    ../clib/microlib/printf/printf.c         0x00000000   Number         0  printf1.o ABSOLUTE
    ../clib/microlib/printf/printf.c         0x00000000   Number         0  printf2.o ABSOLUTE
    ../clib/microlib/printf/printf.c         0x00000000   Number         0  printf7.o ABSOLUTE
    ../clib/microlib/printf/stubs.s          0x00000000   Number         0  stubs.o ABSOLUTE
    ../clib/microlib/stdlib/qsort.c          0x00000000   Number         0  qsort.o ABSOLUTE
    ../clib/microlib/string/memset.c         0x00000000   Number         0  memseta.o ABSOLUTE
    ../clib/microlib/stubs.s                 0x00000000   Number         0  iusefp.o ABSOLUTE
    ../clib/microlib/stubs.s                 0x00000000   Number         0  useno.o ABSOLUTE
    ../fplib/microlib/d2f.c                  0x00000000   Number         0  d2f.o ABSOLUTE
    ../fplib/microlib/f2d.c                  0x00000000   Number         0  f2d.o ABSOLUTE
    ../fplib/microlib/fpadd.c                0x00000000   Number         0  dadd.o ABSOLUTE
    ../fplib/microlib/fpdiv.c                0x00000000   Number         0  ddiv.o ABSOLUTE
    ../fplib/microlib/fpepilogue.c           0x00000000   Number         0  depilogue.o ABSOLUTE
    ../fplib/microlib/fpepilogue.c           0x00000000   Number         0  fepilogue.o ABSOLUTE
    ../fplib/microlib/fpfix.c                0x00000000   Number         0  dfixul.o ABSOLUTE
    ../fplib/microlib/fpflt.c                0x00000000   Number         0  dfltui.o ABSOLUTE
    ../fplib/microlib/fpflt.c                0x00000000   Number         0  dflti.o ABSOLUTE
    ../fplib/microlib/fpmul.c                0x00000000   Number         0  dmul.o ABSOLUTE
    ..\CORE\startup_stm32f40_41xxx.s         0x00000000   Number         0  startup_stm32f40_41xxx.o ABSOLUTE
    ..\FWLIB\src\misc.c                      0x00000000   Number         0  misc.o ABSOLUTE
    ..\FWLIB\src\stm32f4xx_adc.c             0x00000000   Number         0  stm32f4xx_adc.o ABSOLUTE
    ..\FWLIB\src\stm32f4xx_can.c             0x00000000   Number         0  stm32f4xx_can.o ABSOLUTE
    ..\FWLIB\src\stm32f4xx_crc.c             0x00000000   Number         0  stm32f4xx_crc.o ABSOLUTE
    ..\FWLIB\src\stm32f4xx_cryp.c            0x00000000   Number         0  stm32f4xx_cryp.o ABSOLUTE
    ..\FWLIB\src\stm32f4xx_cryp_aes.c        0x00000000   Number         0  stm32f4xx_cryp_aes.o ABSOLUTE
    ..\FWLIB\src\stm32f4xx_cryp_des.c        0x00000000   Number         0  stm32f4xx_cryp_des.o ABSOLUTE
    ..\FWLIB\src\stm32f4xx_cryp_tdes.c       0x00000000   Number         0  stm32f4xx_cryp_tdes.o ABSOLUTE
    ..\FWLIB\src\stm32f4xx_dac.c             0x00000000   Number         0  stm32f4xx_dac.o ABSOLUTE
    ..\FWLIB\src\stm32f4xx_dbgmcu.c          0x00000000   Number         0  stm32f4xx_dbgmcu.o ABSOLUTE
    ..\FWLIB\src\stm32f4xx_dcmi.c            0x00000000   Number         0  stm32f4xx_dcmi.o ABSOLUTE
    ..\FWLIB\src\stm32f4xx_dma.c             0x00000000   Number         0  stm32f4xx_dma.o ABSOLUTE
    ..\FWLIB\src\stm32f4xx_dma2d.c           0x00000000   Number         0  stm32f4xx_dma2d.o ABSOLUTE
    ..\FWLIB\src\stm32f4xx_exti.c            0x00000000   Number         0  stm32f4xx_exti.o ABSOLUTE
    ..\FWLIB\src\stm32f4xx_flash.c           0x00000000   Number         0  stm32f4xx_flash.o ABSOLUTE
    ..\FWLIB\src\stm32f4xx_flash_ramfunc.c   0x00000000   Number         0  stm32f4xx_flash_ramfunc.o ABSOLUTE
    ..\FWLIB\src\stm32f4xx_fsmc.c            0x00000000   Number         0  stm32f4xx_fsmc.o ABSOLUTE
    ..\FWLIB\src\stm32f4xx_gpio.c            0x00000000   Number         0  stm32f4xx_gpio.o ABSOLUTE
    ..\FWLIB\src\stm32f4xx_hash.c            0x00000000   Number         0  stm32f4xx_hash.o ABSOLUTE
    ..\FWLIB\src\stm32f4xx_hash_md5.c        0x00000000   Number         0  stm32f4xx_hash_md5.o ABSOLUTE
    ..\FWLIB\src\stm32f4xx_hash_sha1.c       0x00000000   Number         0  stm32f4xx_hash_sha1.o ABSOLUTE
    ..\FWLIB\src\stm32f4xx_i2c.c             0x00000000   Number         0  stm32f4xx_i2c.o ABSOLUTE
    ..\FWLIB\src\stm32f4xx_iwdg.c            0x00000000   Number         0  stm32f4xx_iwdg.o ABSOLUTE
    ..\FWLIB\src\stm32f4xx_ltdc.c            0x00000000   Number         0  stm32f4xx_ltdc.o ABSOLUTE
    ..\FWLIB\src\stm32f4xx_pwr.c             0x00000000   Number         0  stm32f4xx_pwr.o ABSOLUTE
    ..\FWLIB\src\stm32f4xx_rcc.c             0x00000000   Number         0  stm32f4xx_rcc.o ABSOLUTE
    ..\FWLIB\src\stm32f4xx_rng.c             0x00000000   Number         0  stm32f4xx_rng.o ABSOLUTE
    ..\FWLIB\src\stm32f4xx_rtc.c             0x00000000   Number         0  stm32f4xx_rtc.o ABSOLUTE
    ..\FWLIB\src\stm32f4xx_sai.c             0x00000000   Number         0  stm32f4xx_sai.o ABSOLUTE
    ..\FWLIB\src\stm32f4xx_sdio.c            0x00000000   Number         0  stm32f4xx_sdio.o ABSOLUTE
    ..\FWLIB\src\stm32f4xx_spi.c             0x00000000   Number         0  stm32f4xx_spi.o ABSOLUTE
    ..\FWLIB\src\stm32f4xx_syscfg.c          0x00000000   Number         0  stm32f4xx_syscfg.o ABSOLUTE
    ..\FWLIB\src\stm32f4xx_tim.c             0x00000000   Number         0  stm32f4xx_tim.o ABSOLUTE
    ..\FWLIB\src\stm32f4xx_usart.c           0x00000000   Number         0  stm32f4xx_usart.o ABSOLUTE
    ..\FWLIB\src\stm32f4xx_wwdg.c            0x00000000   Number         0  stm32f4xx_wwdg.o ABSOLUTE
    ..\HARDWARE\Display\lcd.c                0x00000000   Number         0  lcd.o ABSOLUTE
    ..\HARDWARE\Function\Function.c          0x00000000   Number         0  function.o ABSOLUTE
    ..\HARDWARE\KEY\key.c                    0x00000000   Number         0  key.o ABSOLUTE
    ..\HARDWARE\LED\led.c                    0x00000000   Number         0  led.o ABSOLUTE
    ..\HARDWARE\Temperature\GX310.c          0x00000000   Number         0  gx310.o ABSOLUTE
    ..\HARDWARE\Temperature\iic.c            0x00000000   Number         0  iic.o ABSOLUTE
    ..\HARDWARE\Temperature\iic2.c           0x00000000   Number         0  iic2.o ABSOLUTE
    ..\SYSTEM\delay\delay.c                  0x00000000   Number         0  delay.o ABSOLUTE
    ..\SYSTEM\sys\sys.c                      0x00000000   Number         0  sys.o ABSOLUTE
    ..\SYSTEM\timer\Timer.c                  0x00000000   Number         0  timer.o ABSOLUTE
    ..\SYSTEM\usart\usart.c                  0x00000000   Number         0  usart.o ABSOLUTE
    ..\\FWLIB\\src\\misc.c                   0x00000000   Number         0  misc.o ABSOLUTE
    ..\\FWLIB\\src\\stm32f4xx_adc.c          0x00000000   Number         0  stm32f4xx_adc.o ABSOLUTE
    ..\\FWLIB\\src\\stm32f4xx_can.c          0x00000000   Number         0  stm32f4xx_can.o ABSOLUTE
    ..\\FWLIB\\src\\stm32f4xx_crc.c          0x00000000   Number         0  stm32f4xx_crc.o ABSOLUTE
    ..\\FWLIB\\src\\stm32f4xx_cryp.c         0x00000000   Number         0  stm32f4xx_cryp.o ABSOLUTE
    ..\\FWLIB\\src\\stm32f4xx_cryp_aes.c     0x00000000   Number         0  stm32f4xx_cryp_aes.o ABSOLUTE
    ..\\FWLIB\\src\\stm32f4xx_cryp_des.c     0x00000000   Number         0  stm32f4xx_cryp_des.o ABSOLUTE
    ..\\FWLIB\\src\\stm32f4xx_cryp_tdes.c    0x00000000   Number         0  stm32f4xx_cryp_tdes.o ABSOLUTE
    ..\\FWLIB\\src\\stm32f4xx_dac.c          0x00000000   Number         0  stm32f4xx_dac.o ABSOLUTE
    ..\\FWLIB\\src\\stm32f4xx_dbgmcu.c       0x00000000   Number         0  stm32f4xx_dbgmcu.o ABSOLUTE
    ..\\FWLIB\\src\\stm32f4xx_dcmi.c         0x00000000   Number         0  stm32f4xx_dcmi.o ABSOLUTE
    ..\\FWLIB\\src\\stm32f4xx_dma.c          0x00000000   Number         0  stm32f4xx_dma.o ABSOLUTE
    ..\\FWLIB\\src\\stm32f4xx_dma2d.c        0x00000000   Number         0  stm32f4xx_dma2d.o ABSOLUTE
    ..\\FWLIB\\src\\stm32f4xx_exti.c         0x00000000   Number         0  stm32f4xx_exti.o ABSOLUTE
    ..\\FWLIB\\src\\stm32f4xx_flash.c        0x00000000   Number         0  stm32f4xx_flash.o ABSOLUTE
    ..\\FWLIB\\src\\stm32f4xx_flash_ramfunc.c 0x00000000   Number         0  stm32f4xx_flash_ramfunc.o ABSOLUTE
    ..\\FWLIB\\src\\stm32f4xx_fsmc.c         0x00000000   Number         0  stm32f4xx_fsmc.o ABSOLUTE
    ..\\FWLIB\\src\\stm32f4xx_gpio.c         0x00000000   Number         0  stm32f4xx_gpio.o ABSOLUTE
    ..\\FWLIB\\src\\stm32f4xx_hash.c         0x00000000   Number         0  stm32f4xx_hash.o ABSOLUTE
    ..\\FWLIB\\src\\stm32f4xx_hash_md5.c     0x00000000   Number         0  stm32f4xx_hash_md5.o ABSOLUTE
    ..\\FWLIB\\src\\stm32f4xx_hash_sha1.c    0x00000000   Number         0  stm32f4xx_hash_sha1.o ABSOLUTE
    ..\\FWLIB\\src\\stm32f4xx_i2c.c          0x00000000   Number         0  stm32f4xx_i2c.o ABSOLUTE
    ..\\FWLIB\\src\\stm32f4xx_iwdg.c         0x00000000   Number         0  stm32f4xx_iwdg.o ABSOLUTE
    ..\\FWLIB\\src\\stm32f4xx_ltdc.c         0x00000000   Number         0  stm32f4xx_ltdc.o ABSOLUTE
    ..\\FWLIB\\src\\stm32f4xx_pwr.c          0x00000000   Number         0  stm32f4xx_pwr.o ABSOLUTE
    ..\\FWLIB\\src\\stm32f4xx_rcc.c          0x00000000   Number         0  stm32f4xx_rcc.o ABSOLUTE
    ..\\FWLIB\\src\\stm32f4xx_rng.c          0x00000000   Number         0  stm32f4xx_rng.o ABSOLUTE
    ..\\FWLIB\\src\\stm32f4xx_rtc.c          0x00000000   Number         0  stm32f4xx_rtc.o ABSOLUTE
    ..\\FWLIB\\src\\stm32f4xx_sai.c          0x00000000   Number         0  stm32f4xx_sai.o ABSOLUTE
    ..\\FWLIB\\src\\stm32f4xx_sdio.c         0x00000000   Number         0  stm32f4xx_sdio.o ABSOLUTE
    ..\\FWLIB\\src\\stm32f4xx_spi.c          0x00000000   Number         0  stm32f4xx_spi.o ABSOLUTE
    ..\\FWLIB\\src\\stm32f4xx_syscfg.c       0x00000000   Number         0  stm32f4xx_syscfg.o ABSOLUTE
    ..\\FWLIB\\src\\stm32f4xx_tim.c          0x00000000   Number         0  stm32f4xx_tim.o ABSOLUTE
    ..\\FWLIB\\src\\stm32f4xx_usart.c        0x00000000   Number         0  stm32f4xx_usart.o ABSOLUTE
    ..\\FWLIB\\src\\stm32f4xx_wwdg.c         0x00000000   Number         0  stm32f4xx_wwdg.o ABSOLUTE
    ..\\HARDWARE\\Display\\lcd.c             0x00000000   Number         0  lcd.o ABSOLUTE
    ..\\HARDWARE\\Function\\Function.c       0x00000000   Number         0  function.o ABSOLUTE
    ..\\HARDWARE\\KEY\\key.c                 0x00000000   Number         0  key.o ABSOLUTE
    ..\\HARDWARE\\LED\\led.c                 0x00000000   Number         0  led.o ABSOLUTE
    ..\\HARDWARE\\Temperature\\GX310.c       0x00000000   Number         0  gx310.o ABSOLUTE
    ..\\HARDWARE\\Temperature\\iic.c         0x00000000   Number         0  iic.o ABSOLUTE
    ..\\HARDWARE\\Temperature\\iic2.c        0x00000000   Number         0  iic2.o ABSOLUTE
    ..\\SYSTEM\\delay\\delay.c               0x00000000   Number         0  delay.o ABSOLUTE
    ..\\SYSTEM\\sys\\sys.c                   0x00000000   Number         0  sys.o ABSOLUTE
    ..\\SYSTEM\\timer\\Timer.c               0x00000000   Number         0  timer.o ABSOLUTE
    ..\\SYSTEM\\usart\\usart.c               0x00000000   Number         0  usart.o ABSOLUTE
    cdrcmple.s                               0x00000000   Number         0  cdrcmple.o ABSOLUTE
    dc.s                                     0x00000000   Number         0  dc.o ABSOLUTE
    handlers.s                               0x00000000   Number         0  handlers.o ABSOLUTE
    init.s                                   0x00000000   Number         0  init.o ABSOLUTE
    main.c                                   0x00000000   Number         0  main.o ABSOLUTE
    main.c                                   0x00000000   Number         0  main.o ABSOLUTE
    stm32f4xx_it.c                           0x00000000   Number         0  stm32f4xx_it.o ABSOLUTE
    stm32f4xx_it.c                           0x00000000   Number         0  stm32f4xx_it.o ABSOLUTE
    system_stm32f4xx.c                       0x00000000   Number         0  system_stm32f4xx.o ABSOLUTE
    system_stm32f4xx.c                       0x00000000   Number         0  system_stm32f4xx.o ABSOLUTE
    usart2.c                                 0x00000000   Number         0  usart2.o ABSOLUTE
    usart2.c                                 0x00000000   Number         0  usart2.o ABSOLUTE
    RESET                                    0x08000000   Section      392  startup_stm32f40_41xxx.o(RESET)
    .ARM.Collect$$$$00000000                 0x08000188   Section        0  entry.o(.ARM.Collect$$$$00000000)
    .ARM.Collect$$$$00000001                 0x08000188   Section        4  entry2.o(.ARM.Collect$$$$00000001)
    .ARM.Collect$$$$00000004                 0x0800018c   Section        4  entry5.o(.ARM.Collect$$$$00000004)
    .ARM.Collect$$$$00000008                 0x08000190   Section        0  entry7b.o(.ARM.Collect$$$$00000008)
    .ARM.Collect$$$$0000000A                 0x08000190   Section        0  entry8b.o(.ARM.Collect$$$$0000000A)
    .ARM.Collect$$$$0000000B                 0x08000190   Section        8  entry9a.o(.ARM.Collect$$$$0000000B)
    .ARM.Collect$$$$0000000E                 0x08000198   Section        4  entry12b.o(.ARM.Collect$$$$0000000E)
    .ARM.Collect$$$$0000000F                 0x0800019c   Section        0  entry10a.o(.ARM.Collect$$$$0000000F)
    .ARM.Collect$$$$00000011                 0x0800019c   Section        0  entry11a.o(.ARM.Collect$$$$00000011)
    .ARM.Collect$$$$00002712                 0x0800019c   Section        4  entry2.o(.ARM.Collect$$$$00002712)
    __lit__00000000                          0x0800019c   Data           4  entry2.o(.ARM.Collect$$$$00002712)
    .text                                    0x080001a0   Section        0  main.o(.text)
    .text                                    0x08000210   Section        0  stm32f4xx_it.o(.text)
    .text                                    0x0800022c   Section        0  system_stm32f4xx.o(.text)
    SetSysClock                              0x0800022d   Thumb Code   220  system_stm32f4xx.o(.text)
    .text                                    0x0800043c   Section       36  startup_stm32f40_41xxx.o(.text)
    $v0                                      0x0800043c   Number         0  startup_stm32f40_41xxx.o(.text)
    .text                                    0x08000460   Section        0  misc.o(.text)
    .text                                    0x08000540   Section        0  stm32f4xx_fsmc.o(.text)
    .text                                    0x08000b08   Section        0  stm32f4xx_gpio.o(.text)
    .text                                    0x08000d9c   Section        0  stm32f4xx_rcc.o(.text)
    .text                                    0x080013f8   Section        0  stm32f4xx_tim.o(.text)
    TI4_Config                               0x08001b97   Thumb Code    80  stm32f4xx_tim.o(.text)
    TI3_Config                               0x08001bf9   Thumb Code    72  stm32f4xx_tim.o(.text)
    TI2_Config                               0x08001c5b   Thumb Code    90  stm32f4xx_tim.o(.text)
    TI1_Config                               0x08001cc7   Thumb Code    58  stm32f4xx_tim.o(.text)
    .text                                    0x0800209c   Section        0  stm32f4xx_usart.o(.text)
    .text                                    0x080024f0   Section        0  delay.o(.text)
    .text                                    0x080025f4   Section        0  sys.o(.text)
    .text                                    0x08002634   Section        0  usart.o(.text)
    .text                                    0x080027d4   Section        0  usart2.o(.text)
    .text                                    0x08002890   Section        0  timer.o(.text)
    .text                                    0x08002a14   Section        0  key.o(.text)
    .text                                    0x08002b88   Section        0  led.o(.text)
    .text                                    0x08002bc4   Section        0  lcd.o(.text)
    .text                                    0x0800439c   Section        0  iic.o(.text)
    .text                                    0x0800463c   Section        0  iic2.o(.text)
    .text                                    0x080048f0   Section        0  gx310.o(.text)
    .text                                    0x08005130   Section        0  function.o(.text)
    .text                                    0x080058e0   Section        0  qsort.o(.text)
    .text                                    0x0800597c   Section        0  memseta.o(.text)
    .text                                    0x080059a0   Section        0  dadd.o(.text)
    .text                                    0x08005aee   Section        0  dmul.o(.text)
    .text                                    0x08005bd2   Section        0  ddiv.o(.text)
    .text                                    0x08005cb0   Section        0  dflti.o(.text)
    .text                                    0x08005cd2   Section        0  dfltui.o(.text)
    .text                                    0x08005cec   Section        0  f2d.o(.text)
    .text                                    0x08005d14   Section       48  cdrcmple.o(.text)
    .text                                    0x08005d44   Section        0  d2f.o(.text)
    .text                                    0x08005d7c   Section        0  uldiv.o(.text)
    .text                                    0x08005dde   Section        0  llshl.o(.text)
    .text                                    0x08005dfc   Section        0  llsshr.o(.text)
    .text                                    0x08005e20   Section        0  iusefp.o(.text)
    .text                                    0x08005e20   Section        0  fepilogue.o(.text)
    .text                                    0x08005e8e   Section        0  depilogue.o(.text)
    .text                                    0x08005f48   Section       36  init.o(.text)
    .text                                    0x08005f6c   Section        0  llushr.o(.text)
    i.__0printf$5                            0x08005f8c   Section        0  printf5.o(i.__0printf$5)
    i.__scatterload_copy                     0x08005fac   Section       14  handlers.o(i.__scatterload_copy)
    i.__scatterload_null                     0x08005fba   Section        2  handlers.o(i.__scatterload_null)
    i.__scatterload_zeroinit                 0x08005fbc   Section       14  handlers.o(i.__scatterload_zeroinit)
    i._printf_core                           0x08005fcc   Section        0  printf5.o(i._printf_core)
    _printf_core                             0x08005fcd   Thumb Code   660  printf5.o(i._printf_core)
    .constdata                               0x0800628c   Section       28  stm32f4xx_fsmc.o(.constdata)
    .constdata                               0x080062a8   Section    17976  lcd.o(.constdata)
    .data                                    0x20000000   Section       20  system_stm32f4xx.o(.data)
    .data                                    0x20000014   Section       16  stm32f4xx_rcc.o(.data)
    APBAHBPrescTable                         0x20000014   Data          16  stm32f4xx_rcc.o(.data)
    .data                                    0x20000024   Section        4  delay.o(.data)
    fac_us                                   0x20000024   Data           1  delay.o(.data)
    fac_ms                                   0x20000026   Data           2  delay.o(.data)
    .data                                    0x20000028   Section       13  usart.o(.data)
    Res                                      0x20000031   Data           1  usart.o(.data)
    i                                        0x20000032   Data           1  usart.o(.data)
    j                                        0x20000033   Data           1  usart.o(.data)
    buff                                     0x20000034   Data           1  usart.o(.data)
    .data                                    0x20000035   Section        7  timer.o(.data)
    .data                                    0x2000003c   Section        3  key.o(.data)
    key_up                                   0x2000003d   Data           1  key.o(.data)
    Keynum                                   0x2000003e   Data           1  key.o(.data)
    .data                                    0x20000040   Section       15  lcd.o(.data)
    last_x                                   0x2000004a   Data           2  lcd.o(.data)
    last_y                                   0x2000004c   Data           2  lcd.o(.data)
    x                                        0x2000004e   Data           1  lcd.o(.data)
    .data                                    0x20000050   Section       28  gx310.o(.data)
    .data                                    0x2000006c   Section       17  function.o(.data)
    i                                        0x2000006d   Data           1  function.o(.data)
    temp_x                                   0x2000006e   Data           2  function.o(.data)
    buff_y                                   0x20000070   Data           2  function.o(.data)
    heartcount                               0x20000072   Data           1  function.o(.data)
    sopcount                                 0x20000073   Data           1  function.o(.data)
    heartcurrent                             0x20000074   Data           1  function.o(.data)
    heartlast                                0x20000075   Data           1  function.o(.data)
    sopcurrent                               0x20000076   Data           1  function.o(.data)
    soplast                                  0x20000077   Data           1  function.o(.data)
    i                                        0x20000078   Data           1  function.o(.data)
    databuflast                              0x20000079   Data           1  function.o(.data)
    databufcurrent                           0x2000007a   Data           1  function.o(.data)
    i                                        0x2000007b   Data           1  function.o(.data)
    j                                        0x2000007c   Data           1  function.o(.data)
    .bss                                     0x20000080   Section      288  usart.o(.bss)
    .bss                                     0x200001a0   Section       14  lcd.o(.bss)
    .bss                                     0x200001b0   Section       50  function.o(.bss)
    STACK                                    0x200001e8   Section     1024  startup_stm32f40_41xxx.o(STACK)

    Global Symbols

    Symbol Name                              Value     Ov Type        Size  Object(Section)

    BuildAttributes$$THM_ISAv4$E$P$D$K$B$S$7EM$VFPi3$EXTD16$VFPS$VFMA$PE$A:L22UL41UL21$X:L11$S22US41US21$IEEE1$IW$USESV6$~STKCKD$USESV7$~SHL$OTIME$ROPI$EBA8$MICROLIB$REQ8$PRES8$EABIv2 0x00000000   Number         0  anon$$obj.o ABSOLUTE
    __ARM_use_no_argv                        0x00000000   Number         0  main.o ABSOLUTE
    __use_no_errno                           0x00000000   Number         0  useno.o ABSOLUTE
    __use_no_exception_handling              0x00000000   Number         0  useno.o ABSOLUTE
    __use_no_fp                              0x00000000   Number         0  useno.o ABSOLUTE
    __use_no_heap                            0x00000000   Number         0  useno.o ABSOLUTE
    __use_no_heap_region                     0x00000000   Number         0  useno.o ABSOLUTE
    __use_no_semihosting                     0x00000000   Number         0  useno.o ABSOLUTE
    __use_no_semihosting_swi                 0x00000000   Number         0  useno.o ABSOLUTE
    __use_no_signal_handling                 0x00000000   Number         0  useno.o ABSOLUTE
    _printf_a                                0x00000000   Number         0  stubs.o ABSOLUTE
    _printf_c                                0x00000000   Number         0  stubs.o ABSOLUTE
    _printf_charcount                        0x00000000   Number         0  stubs.o ABSOLUTE
    _printf_d                                0x00000000   Number         0  stubs.o ABSOLUTE
    _printf_e                                0x00000000   Number         0  stubs.o ABSOLUTE
    _printf_f                                0x00000000   Number         0  stubs.o ABSOLUTE
    _printf_flags                            0x00000000   Number         0  stubs.o ABSOLUTE
    _printf_fp_dec                           0x00000000   Number         0  stubs.o ABSOLUTE
    _printf_fp_hex                           0x00000000   Number         0  stubs.o ABSOLUTE
    _printf_g                                0x00000000   Number         0  stubs.o ABSOLUTE
    _printf_i                                0x00000000   Number         0  stubs.o ABSOLUTE
    _printf_int_dec                          0x00000000   Number         0  stubs.o ABSOLUTE
    _printf_l                                0x00000000   Number         0  stubs.o ABSOLUTE
    _printf_lc                               0x00000000   Number         0  stubs.o ABSOLUTE
    _printf_ll                               0x00000000   Number         0  stubs.o ABSOLUTE
    _printf_lld                              0x00000000   Number         0  stubs.o ABSOLUTE
    _printf_lli                              0x00000000   Number         0  stubs.o ABSOLUTE
    _printf_llo                              0x00000000   Number         0  stubs.o ABSOLUTE
    _printf_llu                              0x00000000   Number         0  stubs.o ABSOLUTE
    _printf_llx                              0x00000000   Number         0  stubs.o ABSOLUTE
    _printf_longlong_dec                     0x00000000   Number         0  stubs.o ABSOLUTE
    _printf_longlong_hex                     0x00000000   Number         0  stubs.o ABSOLUTE
    _printf_longlong_oct                     0x00000000   Number         0  stubs.o ABSOLUTE
    _printf_ls                               0x00000000   Number         0  stubs.o ABSOLUTE
    _printf_mbtowc                           0x00000000   Number         0  stubs.o ABSOLUTE
    _printf_n                                0x00000000   Number         0  stubs.o ABSOLUTE
    _printf_o                                0x00000000   Number         0  stubs.o ABSOLUTE
    _printf_p                                0x00000000   Number         0  stubs.o ABSOLUTE
    _printf_percent                          0x00000000   Number         0  stubs.o ABSOLUTE
    _printf_pre_padding                      0x00000000   Number         0  stubs.o ABSOLUTE
    _printf_return_value                     0x00000000   Number         0  stubs.o ABSOLUTE
    _printf_s                                0x00000000   Number         0  stubs.o ABSOLUTE
    _printf_sizespec                         0x00000000   Number         0  stubs.o ABSOLUTE
    _printf_str                              0x00000000   Number         0  stubs.o ABSOLUTE
    _printf_truncate_signed                  0x00000000   Number         0  stubs.o ABSOLUTE
    _printf_truncate_unsigned                0x00000000   Number         0  stubs.o ABSOLUTE
    _printf_u                                0x00000000   Number         0  stubs.o ABSOLUTE
    _printf_wc                               0x00000000   Number         0  stubs.o ABSOLUTE
    _printf_wctomb                           0x00000000   Number         0  stubs.o ABSOLUTE
    _printf_widthprec                        0x00000000   Number         0  stubs.o ABSOLUTE
    _printf_x                                0x00000000   Number         0  stubs.o ABSOLUTE
    __arm_fini_                               - Undefined Weak Reference
    __cpp_initialize__aeabi_                  - Undefined Weak Reference
    __cxa_finalize                            - Undefined Weak Reference
    __decompress                              - Undefined Weak Reference
    _clock_init                               - Undefined Weak Reference
    _microlib_exit                            - Undefined Weak Reference
    __Vectors_Size                           0x00000188   Number         0  startup_stm32f40_41xxx.o ABSOLUTE
    __Vectors                                0x08000000   Data           4  startup_stm32f40_41xxx.o(RESET)
    __Vectors_End                            0x08000188   Data           0  startup_stm32f40_41xxx.o(RESET)
    __main                                   0x08000189   Thumb Code     0  entry.o(.ARM.Collect$$$$00000000)
    _main_stk                                0x08000189   Thumb Code     0  entry2.o(.ARM.Collect$$$$00000001)
    _main_scatterload                        0x0800018d   Thumb Code     0  entry5.o(.ARM.Collect$$$$00000004)
    __main_after_scatterload                 0x08000191   Thumb Code     0  entry5.o(.ARM.Collect$$$$00000004)
    _main_clock                              0x08000191   Thumb Code     0  entry7b.o(.ARM.Collect$$$$00000008)
    _main_cpp_init                           0x08000191   Thumb Code     0  entry8b.o(.ARM.Collect$$$$0000000A)
    _main_init                               0x08000191   Thumb Code     0  entry9a.o(.ARM.Collect$$$$0000000B)
    __rt_lib_shutdown_fini                   0x08000199   Thumb Code     0  entry12b.o(.ARM.Collect$$$$0000000E)
    __rt_final_cpp                           0x0800019d   Thumb Code     0  entry10a.o(.ARM.Collect$$$$0000000F)
    __rt_final_exit                          0x0800019d   Thumb Code     0  entry11a.o(.ARM.Collect$$$$00000011)
    main                                     0x080001a1   Thumb Code   106  main.o(.text)
    NMI_Handler                              0x08000211   Thumb Code     2  stm32f4xx_it.o(.text)
    HardFault_Handler                        0x08000213   Thumb Code     4  stm32f4xx_it.o(.text)
    MemManage_Handler                        0x08000217   Thumb Code     4  stm32f4xx_it.o(.text)
    BusFault_Handler                         0x0800021b   Thumb Code     4  stm32f4xx_it.o(.text)
    UsageFault_Handler                       0x0800021f   Thumb Code     4  stm32f4xx_it.o(.text)
    SVC_Handler                              0x08000223   Thumb Code     2  stm32f4xx_it.o(.text)
    DebugMon_Handler                         0x08000225   Thumb Code     2  stm32f4xx_it.o(.text)
    PendSV_Handler                           0x08000227   Thumb Code     2  stm32f4xx_it.o(.text)
    SysTick_Handler                          0x08000229   Thumb Code     2  stm32f4xx_it.o(.text)
    SystemInit                               0x08000309   Thumb Code    88  system_stm32f4xx.o(.text)
    SystemCoreClockUpdate                    0x08000361   Thumb Code   174  system_stm32f4xx.o(.text)
    Reset_Handler                            0x0800043d   Thumb Code     8  startup_stm32f40_41xxx.o(.text)
    ADC_IRQHandler                           0x08000457   Thumb Code     0  startup_stm32f40_41xxx.o(.text)
    CAN1_RX0_IRQHandler                      0x08000457   Thumb Code     0  startup_stm32f40_41xxx.o(.text)
    CAN1_RX1_IRQHandler                      0x08000457   Thumb Code     0  startup_stm32f40_41xxx.o(.text)
    CAN1_SCE_IRQHandler                      0x08000457   Thumb Code     0  startup_stm32f40_41xxx.o(.text)
    CAN1_TX_IRQHandler                       0x08000457   Thumb Code     0  startup_stm32f40_41xxx.o(.text)
    CAN2_RX0_IRQHandler                      0x08000457   Thumb Code     0  startup_stm32f40_41xxx.o(.text)
    CAN2_RX1_IRQHandler                      0x08000457   Thumb Code     0  startup_stm32f40_41xxx.o(.text)
    CAN2_SCE_IRQHandler                      0x08000457   Thumb Code     0  startup_stm32f40_41xxx.o(.text)
    CAN2_TX_IRQHandler                       0x08000457   Thumb Code     0  startup_stm32f40_41xxx.o(.text)
    CRYP_IRQHandler                          0x08000457   Thumb Code     0  startup_stm32f40_41xxx.o(.text)
    DCMI_IRQHandler                          0x08000457   Thumb Code     0  startup_stm32f40_41xxx.o(.text)
    DMA1_Stream0_IRQHandler                  0x08000457   Thumb Code     0  startup_stm32f40_41xxx.o(.text)
    DMA1_Stream1_IRQHandler                  0x08000457   Thumb Code     0  startup_stm32f40_41xxx.o(.text)
    DMA1_Stream2_IRQHandler                  0x08000457   Thumb Code     0  startup_stm32f40_41xxx.o(.text)
    DMA1_Stream3_IRQHandler                  0x08000457   Thumb Code     0  startup_stm32f40_41xxx.o(.text)
    DMA1_Stream4_IRQHandler                  0x08000457   Thumb Code     0  startup_stm32f40_41xxx.o(.text)
    DMA1_Stream5_IRQHandler                  0x08000457   Thumb Code     0  startup_stm32f40_41xxx.o(.text)
    DMA1_Stream6_IRQHandler                  0x08000457   Thumb Code     0  startup_stm32f40_41xxx.o(.text)
    DMA1_Stream7_IRQHandler                  0x08000457   Thumb Code     0  startup_stm32f40_41xxx.o(.text)
    DMA2_Stream0_IRQHandler                  0x08000457   Thumb Code     0  startup_stm32f40_41xxx.o(.text)
    DMA2_Stream1_IRQHandler                  0x08000457   Thumb Code     0  startup_stm32f40_41xxx.o(.text)
    DMA2_Stream2_IRQHandler                  0x08000457   Thumb Code     0  startup_stm32f40_41xxx.o(.text)
    DMA2_Stream3_IRQHandler                  0x08000457   Thumb Code     0  startup_stm32f40_41xxx.o(.text)
    DMA2_Stream4_IRQHandler                  0x08000457   Thumb Code     0  startup_stm32f40_41xxx.o(.text)
    DMA2_Stream5_IRQHandler                  0x08000457   Thumb Code     0  startup_stm32f40_41xxx.o(.text)
    DMA2_Stream6_IRQHandler                  0x08000457   Thumb Code     0  startup_stm32f40_41xxx.o(.text)
    DMA2_Stream7_IRQHandler                  0x08000457   Thumb Code     0  startup_stm32f40_41xxx.o(.text)
    ETH_IRQHandler                           0x08000457   Thumb Code     0  startup_stm32f40_41xxx.o(.text)
    ETH_WKUP_IRQHandler                      0x08000457   Thumb Code     0  startup_stm32f40_41xxx.o(.text)
    EXTI0_IRQHandler                         0x08000457   Thumb Code     0  startup_stm32f40_41xxx.o(.text)
    EXTI15_10_IRQHandler                     0x08000457   Thumb Code     0  startup_stm32f40_41xxx.o(.text)
    EXTI1_IRQHandler                         0x08000457   Thumb Code     0  startup_stm32f40_41xxx.o(.text)
    EXTI2_IRQHandler                         0x08000457   Thumb Code     0  startup_stm32f40_41xxx.o(.text)
    EXTI3_IRQHandler                         0x08000457   Thumb Code     0  startup_stm32f40_41xxx.o(.text)
    EXTI4_IRQHandler                         0x08000457   Thumb Code     0  startup_stm32f40_41xxx.o(.text)
    EXTI9_5_IRQHandler                       0x08000457   Thumb Code     0  startup_stm32f40_41xxx.o(.text)
    FLASH_IRQHandler                         0x08000457   Thumb Code     0  startup_stm32f40_41xxx.o(.text)
    FPU_IRQHandler                           0x08000457   Thumb Code     0  startup_stm32f40_41xxx.o(.text)
    FSMC_IRQHandler                          0x08000457   Thumb Code     0  startup_stm32f40_41xxx.o(.text)
    HASH_RNG_IRQHandler                      0x08000457   Thumb Code     0  startup_stm32f40_41xxx.o(.text)
    I2C1_ER_IRQHandler                       0x08000457   Thumb Code     0  startup_stm32f40_41xxx.o(.text)
    I2C1_EV_IRQHandler                       0x08000457   Thumb Code     0  startup_stm32f40_41xxx.o(.text)
    I2C2_ER_IRQHandler                       0x08000457   Thumb Code     0  startup_stm32f40_41xxx.o(.text)
    I2C2_EV_IRQHandler                       0x08000457   Thumb Code     0  startup_stm32f40_41xxx.o(.text)
    I2C3_ER_IRQHandler                       0x08000457   Thumb Code     0  startup_stm32f40_41xxx.o(.text)
    I2C3_EV_IRQHandler                       0x08000457   Thumb Code     0  startup_stm32f40_41xxx.o(.text)
    OTG_FS_IRQHandler                        0x08000457   Thumb Code     0  startup_stm32f40_41xxx.o(.text)
    OTG_FS_WKUP_IRQHandler                   0x08000457   Thumb Code     0  startup_stm32f40_41xxx.o(.text)
    OTG_HS_EP1_IN_IRQHandler                 0x08000457   Thumb Code     0  startup_stm32f40_41xxx.o(.text)
    OTG_HS_EP1_OUT_IRQHandler                0x08000457   Thumb Code     0  startup_stm32f40_41xxx.o(.text)
    OTG_HS_IRQHandler                        0x08000457   Thumb Code     0  startup_stm32f40_41xxx.o(.text)
    OTG_HS_WKUP_IRQHandler                   0x08000457   Thumb Code     0  startup_stm32f40_41xxx.o(.text)
    PVD_IRQHandler                           0x08000457   Thumb Code     0  startup_stm32f40_41xxx.o(.text)
    RCC_IRQHandler                           0x08000457   Thumb Code     0  startup_stm32f40_41xxx.o(.text)
    RTC_Alarm_IRQHandler                     0x08000457   Thumb Code     0  startup_stm32f40_41xxx.o(.text)
    RTC_WKUP_IRQHandler                      0x08000457   Thumb Code     0  startup_stm32f40_41xxx.o(.text)
    SDIO_IRQHandler                          0x08000457   Thumb Code     0  startup_stm32f40_41xxx.o(.text)
    SPI1_IRQHandler                          0x08000457   Thumb Code     0  startup_stm32f40_41xxx.o(.text)
    SPI2_IRQHandler                          0x08000457   Thumb Code     0  startup_stm32f40_41xxx.o(.text)
    SPI3_IRQHandler                          0x08000457   Thumb Code     0  startup_stm32f40_41xxx.o(.text)
    TAMP_STAMP_IRQHandler                    0x08000457   Thumb Code     0  startup_stm32f40_41xxx.o(.text)
    TIM1_BRK_TIM9_IRQHandler                 0x08000457   Thumb Code     0  startup_stm32f40_41xxx.o(.text)
    TIM1_CC_IRQHandler                       0x08000457   Thumb Code     0  startup_stm32f40_41xxx.o(.text)
    TIM1_TRG_COM_TIM11_IRQHandler            0x08000457   Thumb Code     0  startup_stm32f40_41xxx.o(.text)
    TIM1_UP_TIM10_IRQHandler                 0x08000457   Thumb Code     0  startup_stm32f40_41xxx.o(.text)
    TIM4_IRQHandler                          0x08000457   Thumb Code     0  startup_stm32f40_41xxx.o(.text)
    TIM5_IRQHandler                          0x08000457   Thumb Code     0  startup_stm32f40_41xxx.o(.text)
    TIM6_DAC_IRQHandler                      0x08000457   Thumb Code     0  startup_stm32f40_41xxx.o(.text)
    TIM7_IRQHandler                          0x08000457   Thumb Code     0  startup_stm32f40_41xxx.o(.text)
    TIM8_BRK_TIM12_IRQHandler                0x08000457   Thumb Code     0  startup_stm32f40_41xxx.o(.text)
    TIM8_CC_IRQHandler                       0x08000457   Thumb Code     0  startup_stm32f40_41xxx.o(.text)
    TIM8_TRG_COM_TIM14_IRQHandler            0x08000457   Thumb Code     0  startup_stm32f40_41xxx.o(.text)
    TIM8_UP_TIM13_IRQHandler                 0x08000457   Thumb Code     0  startup_stm32f40_41xxx.o(.text)
    UART4_IRQHandler                         0x08000457   Thumb Code     0  startup_stm32f40_41xxx.o(.text)
    UART5_IRQHandler                         0x08000457   Thumb Code     0  startup_stm32f40_41xxx.o(.text)
    USART2_IRQHandler                        0x08000457   Thumb Code     0  startup_stm32f40_41xxx.o(.text)
    USART3_IRQHandler                        0x08000457   Thumb Code     0  startup_stm32f40_41xxx.o(.text)
    USART6_IRQHandler                        0x08000457   Thumb Code     0  startup_stm32f40_41xxx.o(.text)
    WWDG_IRQHandler                          0x08000457   Thumb Code     0  startup_stm32f40_41xxx.o(.text)
    NVIC_PriorityGroupConfig                 0x08000461   Thumb Code    10  misc.o(.text)
    NVIC_Init                                0x0800046b   Thumb Code   106  misc.o(.text)
    NVIC_SetVectorTable                      0x080004d5   Thumb Code    14  misc.o(.text)
    NVIC_SystemLPConfig                      0x080004e3   Thumb Code    34  misc.o(.text)
    SysTick_CLKSourceConfig                  0x08000505   Thumb Code    40  misc.o(.text)
    FSMC_NORSRAMDeInit                       0x08000541   Thumb Code    54  stm32f4xx_fsmc.o(.text)
    FSMC_NORSRAMInit                         0x08000577   Thumb Code   230  stm32f4xx_fsmc.o(.text)
    FSMC_NORSRAMStructInit                   0x0800065d   Thumb Code    48  stm32f4xx_fsmc.o(.text)
    FSMC_NORSRAMCmd                          0x0800068d   Thumb Code    46  stm32f4xx_fsmc.o(.text)
    FSMC_NANDDeInit                          0x080006bb   Thumb Code    62  stm32f4xx_fsmc.o(.text)
    FSMC_NANDInit                            0x080006f9   Thumb Code   132  stm32f4xx_fsmc.o(.text)
    FSMC_NANDStructInit                      0x0800077d   Thumb Code    54  stm32f4xx_fsmc.o(.text)
    FSMC_NANDCmd                             0x080007b3   Thumb Code    86  stm32f4xx_fsmc.o(.text)
    FSMC_NANDECCCmd                          0x08000809   Thumb Code    86  stm32f4xx_fsmc.o(.text)
    FSMC_GetECC                              0x0800085f   Thumb Code    24  stm32f4xx_fsmc.o(.text)
    FSMC_PCCARDDeInit                        0x08000877   Thumb Code    36  stm32f4xx_fsmc.o(.text)
    FSMC_PCCARDInit                          0x0800089b   Thumb Code   130  stm32f4xx_fsmc.o(.text)
    FSMC_PCCARDStructInit                    0x0800091d   Thumb Code    60  stm32f4xx_fsmc.o(.text)
    FSMC_PCCARDCmd                           0x08000959   Thumb Code    44  stm32f4xx_fsmc.o(.text)
    FSMC_ITConfig                            0x08000985   Thumb Code   128  stm32f4xx_fsmc.o(.text)
    FSMC_GetFlagStatus                       0x08000a05   Thumb Code    54  stm32f4xx_fsmc.o(.text)
    FSMC_ClearFlag                           0x08000a3b   Thumb Code    74  stm32f4xx_fsmc.o(.text)
    FSMC_GetITStatus                         0x08000a85   Thumb Code    62  stm32f4xx_fsmc.o(.text)
    FSMC_ClearITPendingBit                   0x08000ac3   Thumb Code    66  stm32f4xx_fsmc.o(.text)
    GPIO_DeInit                              0x08000b09   Thumb Code   268  stm32f4xx_gpio.o(.text)
    GPIO_Init                                0x08000c15   Thumb Code   144  stm32f4xx_gpio.o(.text)
    GPIO_StructInit                          0x08000ca5   Thumb Code    18  stm32f4xx_gpio.o(.text)
    GPIO_PinLockConfig                       0x08000cb7   Thumb Code    34  stm32f4xx_gpio.o(.text)
    GPIO_ReadInputDataBit                    0x08000cd9   Thumb Code    18  stm32f4xx_gpio.o(.text)
    GPIO_ReadInputData                       0x08000ceb   Thumb Code     8  stm32f4xx_gpio.o(.text)
    GPIO_ReadOutputDataBit                   0x08000cf3   Thumb Code    18  stm32f4xx_gpio.o(.text)
    GPIO_ReadOutputData                      0x08000d05   Thumb Code     8  stm32f4xx_gpio.o(.text)
    GPIO_SetBits                             0x08000d0d   Thumb Code     4  stm32f4xx_gpio.o(.text)
    GPIO_ResetBits                           0x08000d11   Thumb Code     4  stm32f4xx_gpio.o(.text)
    GPIO_WriteBit                            0x08000d15   Thumb Code    10  stm32f4xx_gpio.o(.text)
    GPIO_Write                               0x08000d1f   Thumb Code     4  stm32f4xx_gpio.o(.text)
    GPIO_ToggleBits                          0x08000d23   Thumb Code     8  stm32f4xx_gpio.o(.text)
    GPIO_PinAFConfig                         0x08000d2b   Thumb Code    70  stm32f4xx_gpio.o(.text)
    RCC_DeInit                               0x08000d9d   Thumb Code    82  stm32f4xx_rcc.o(.text)
    RCC_HSEConfig                            0x08000def   Thumb Code    14  stm32f4xx_rcc.o(.text)
    RCC_GetFlagStatus                        0x08000dfd   Thumb Code    60  stm32f4xx_rcc.o(.text)
    RCC_WaitForHSEStartUp                    0x08000e39   Thumb Code    56  stm32f4xx_rcc.o(.text)
    RCC_AdjustHSICalibrationValue            0x08000e71   Thumb Code    20  stm32f4xx_rcc.o(.text)
    RCC_HSICmd                               0x08000e85   Thumb Code     6  stm32f4xx_rcc.o(.text)
    RCC_LSEConfig                            0x08000e8b   Thumb Code    46  stm32f4xx_rcc.o(.text)
    RCC_LSICmd                               0x08000eb9   Thumb Code     6  stm32f4xx_rcc.o(.text)
    RCC_PLLConfig                            0x08000ebf   Thumb Code    32  stm32f4xx_rcc.o(.text)
    RCC_PLLCmd                               0x08000edf   Thumb Code     6  stm32f4xx_rcc.o(.text)
    RCC_PLLI2SConfig                         0x08000ee5   Thumb Code    14  stm32f4xx_rcc.o(.text)
    RCC_PLLI2SCmd                            0x08000ef3   Thumb Code     6  stm32f4xx_rcc.o(.text)
    RCC_PLLSAIConfig                         0x08000ef9   Thumb Code    20  stm32f4xx_rcc.o(.text)
    RCC_PLLSAICmd                            0x08000f0d   Thumb Code     6  stm32f4xx_rcc.o(.text)
    RCC_ClockSecuritySystemCmd               0x08000f13   Thumb Code     6  stm32f4xx_rcc.o(.text)
    RCC_MCO1Config                           0x08000f19   Thumb Code    28  stm32f4xx_rcc.o(.text)
    RCC_MCO2Config                           0x08000f35   Thumb Code    28  stm32f4xx_rcc.o(.text)
    RCC_SYSCLKConfig                         0x08000f51   Thumb Code    20  stm32f4xx_rcc.o(.text)
    RCC_GetSYSCLKSource                      0x08000f65   Thumb Code    12  stm32f4xx_rcc.o(.text)
    RCC_HCLKConfig                           0x08000f71   Thumb Code    20  stm32f4xx_rcc.o(.text)
    RCC_PCLK1Config                          0x08000f85   Thumb Code    20  stm32f4xx_rcc.o(.text)
    RCC_PCLK2Config                          0x08000f99   Thumb Code    22  stm32f4xx_rcc.o(.text)
    RCC_GetClocksFreq                        0x08000faf   Thumb Code   222  stm32f4xx_rcc.o(.text)
    RCC_RTCCLKConfig                         0x0800108d   Thumb Code    54  stm32f4xx_rcc.o(.text)
    RCC_RTCCLKCmd                            0x080010c3   Thumb Code     8  stm32f4xx_rcc.o(.text)
    RCC_BackupResetCmd                       0x080010cb   Thumb Code     8  stm32f4xx_rcc.o(.text)
    RCC_I2SCLKConfig                         0x080010d3   Thumb Code     6  stm32f4xx_rcc.o(.text)
    RCC_SAIPLLI2SClkDivConfig                0x080010d9   Thumb Code    26  stm32f4xx_rcc.o(.text)
    RCC_SAIPLLSAIClkDivConfig                0x080010f3   Thumb Code    28  stm32f4xx_rcc.o(.text)
    RCC_SAIBlockACLKConfig                   0x0800110f   Thumb Code    20  stm32f4xx_rcc.o(.text)
    RCC_SAIBlockBCLKConfig                   0x08001123   Thumb Code    20  stm32f4xx_rcc.o(.text)
    RCC_LTDCCLKDivConfig                     0x08001137   Thumb Code    20  stm32f4xx_rcc.o(.text)
    RCC_TIMCLKPresConfig                     0x0800114b   Thumb Code     6  stm32f4xx_rcc.o(.text)
    RCC_AHB1PeriphClockCmd                   0x08001151   Thumb Code    34  stm32f4xx_rcc.o(.text)
    RCC_AHB2PeriphClockCmd                   0x08001173   Thumb Code    78  stm32f4xx_rcc.o(.text)
    RCC_AHB3PeriphClockCmd                   0x080011c1   Thumb Code    34  stm32f4xx_rcc.o(.text)
    RCC_APB1PeriphClockCmd                   0x080011e3   Thumb Code    34  stm32f4xx_rcc.o(.text)
    RCC_APB2PeriphClockCmd                   0x08001205   Thumb Code    34  stm32f4xx_rcc.o(.text)
    RCC_AHB1PeriphResetCmd                   0x08001227   Thumb Code    34  stm32f4xx_rcc.o(.text)
    RCC_AHB2PeriphResetCmd                   0x08001249   Thumb Code    34  stm32f4xx_rcc.o(.text)
    RCC_AHB3PeriphResetCmd                   0x0800126b   Thumb Code    34  stm32f4xx_rcc.o(.text)
    RCC_APB1PeriphResetCmd                   0x0800128d   Thumb Code    34  stm32f4xx_rcc.o(.text)
    RCC_APB2PeriphResetCmd                   0x080012af   Thumb Code    34  stm32f4xx_rcc.o(.text)
    RCC_AHB1PeriphClockLPModeCmd             0x080012d1   Thumb Code    34  stm32f4xx_rcc.o(.text)
    RCC_AHB2PeriphClockLPModeCmd             0x080012f3   Thumb Code    34  stm32f4xx_rcc.o(.text)
    RCC_AHB3PeriphClockLPModeCmd             0x08001315   Thumb Code    34  stm32f4xx_rcc.o(.text)
    RCC_APB1PeriphClockLPModeCmd             0x08001337   Thumb Code    34  stm32f4xx_rcc.o(.text)
    RCC_APB2PeriphClockLPModeCmd             0x08001359   Thumb Code    34  stm32f4xx_rcc.o(.text)
    RCC_LSEModeConfig                        0x0800137b   Thumb Code    40  stm32f4xx_rcc.o(.text)
    RCC_ITConfig                             0x080013a3   Thumb Code    34  stm32f4xx_rcc.o(.text)
    RCC_ClearFlag                            0x080013c5   Thumb Code    18  stm32f4xx_rcc.o(.text)
    RCC_GetITStatus                          0x080013d7   Thumb Code    22  stm32f4xx_rcc.o(.text)
    RCC_ClearITPendingBit                    0x080013ed   Thumb Code     8  stm32f4xx_rcc.o(.text)
    TIM_DeInit                               0x080013f9   Thumb Code   346  stm32f4xx_tim.o(.text)
    TIM_TimeBaseInit                         0x08001553   Thumb Code   104  stm32f4xx_tim.o(.text)
    TIM_TimeBaseStructInit                   0x080015bb   Thumb Code    18  stm32f4xx_tim.o(.text)
    TIM_PrescalerConfig                      0x080015cd   Thumb Code     6  stm32f4xx_tim.o(.text)
    TIM_CounterModeConfig                    0x080015d3   Thumb Code    18  stm32f4xx_tim.o(.text)
    TIM_SetCounter                           0x080015e5   Thumb Code     4  stm32f4xx_tim.o(.text)
    TIM_SetAutoreload                        0x080015e9   Thumb Code     4  stm32f4xx_tim.o(.text)
    TIM_GetCounter                           0x080015ed   Thumb Code     6  stm32f4xx_tim.o(.text)
    TIM_GetPrescaler                         0x080015f3   Thumb Code     6  stm32f4xx_tim.o(.text)
    TIM_UpdateDisableConfig                  0x080015f9   Thumb Code    24  stm32f4xx_tim.o(.text)
    TIM_UpdateRequestConfig                  0x08001611   Thumb Code    24  stm32f4xx_tim.o(.text)
    TIM_ARRPreloadConfig                     0x08001629   Thumb Code    24  stm32f4xx_tim.o(.text)
    TIM_SelectOnePulseMode                   0x08001641   Thumb Code    18  stm32f4xx_tim.o(.text)
    TIM_SetClockDivision                     0x08001653   Thumb Code    18  stm32f4xx_tim.o(.text)
    TIM_Cmd                                  0x08001665   Thumb Code    24  stm32f4xx_tim.o(.text)
    TIM_OC1Init                              0x0800167d   Thumb Code   114  stm32f4xx_tim.o(.text)
    TIM_OC2Init                              0x080016ef   Thumb Code   154  stm32f4xx_tim.o(.text)
    TIM_OC3Init                              0x08001789   Thumb Code   204  stm32f4xx_tim.o(.text)
    TIM_OC4Init                              0x08001855   Thumb Code   112  stm32f4xx_tim.o(.text)
    TIM_OCStructInit                         0x080018c5   Thumb Code    20  stm32f4xx_tim.o(.text)
    TIM_SelectOCxM                           0x080018d9   Thumb Code    86  stm32f4xx_tim.o(.text)
    TIM_SetCompare1                          0x0800192f   Thumb Code     4  stm32f4xx_tim.o(.text)
    TIM_SetCompare2                          0x08001933   Thumb Code     4  stm32f4xx_tim.o(.text)
    TIM_SetCompare3                          0x08001937   Thumb Code     4  stm32f4xx_tim.o(.text)
    TIM_SetCompare4                          0x0800193b   Thumb Code     4  stm32f4xx_tim.o(.text)
    TIM_ForcedOC1Config                      0x0800193f   Thumb Code    18  stm32f4xx_tim.o(.text)
    TIM_ForcedOC2Config                      0x08001951   Thumb Code    26  stm32f4xx_tim.o(.text)
    TIM_ForcedOC3Config                      0x0800196b   Thumb Code    18  stm32f4xx_tim.o(.text)
    TIM_ForcedOC4Config                      0x0800197d   Thumb Code    26  stm32f4xx_tim.o(.text)
    TIM_OC1PreloadConfig                     0x08001997   Thumb Code    18  stm32f4xx_tim.o(.text)
    TIM_OC2PreloadConfig                     0x080019a9   Thumb Code    26  stm32f4xx_tim.o(.text)
    TIM_OC3PreloadConfig                     0x080019c3   Thumb Code    18  stm32f4xx_tim.o(.text)
    TIM_OC4PreloadConfig                     0x080019d5   Thumb Code    26  stm32f4xx_tim.o(.text)
    TIM_OC1FastConfig                        0x080019ef   Thumb Code    18  stm32f4xx_tim.o(.text)
    TIM_OC2FastConfig                        0x08001a01   Thumb Code    26  stm32f4xx_tim.o(.text)
    TIM_OC3FastConfig                        0x08001a1b   Thumb Code    18  stm32f4xx_tim.o(.text)
    TIM_OC4FastConfig                        0x08001a2d   Thumb Code    26  stm32f4xx_tim.o(.text)
    TIM_ClearOC1Ref                          0x08001a47   Thumb Code    18  stm32f4xx_tim.o(.text)
    TIM_ClearOC2Ref                          0x08001a59   Thumb Code    24  stm32f4xx_tim.o(.text)
    TIM_ClearOC3Ref                          0x08001a71   Thumb Code    18  stm32f4xx_tim.o(.text)
    TIM_ClearOC4Ref                          0x08001a83   Thumb Code    24  stm32f4xx_tim.o(.text)
    TIM_OC1PolarityConfig                    0x08001a9b   Thumb Code    18  stm32f4xx_tim.o(.text)
    TIM_OC1NPolarityConfig                   0x08001aad   Thumb Code    18  stm32f4xx_tim.o(.text)
    TIM_OC2PolarityConfig                    0x08001abf   Thumb Code    26  stm32f4xx_tim.o(.text)
    TIM_OC2NPolarityConfig                   0x08001ad9   Thumb Code    26  stm32f4xx_tim.o(.text)
    TIM_OC3PolarityConfig                    0x08001af3   Thumb Code    26  stm32f4xx_tim.o(.text)
    TIM_OC3NPolarityConfig                   0x08001b0d   Thumb Code    26  stm32f4xx_tim.o(.text)
    TIM_OC4PolarityConfig                    0x08001b27   Thumb Code    26  stm32f4xx_tim.o(.text)
    TIM_CCxCmd                               0x08001b41   Thumb Code    30  stm32f4xx_tim.o(.text)
    TIM_CCxNCmd                              0x08001b5f   Thumb Code    30  stm32f4xx_tim.o(.text)
    TIM_SetIC4Prescaler                      0x08001b7d   Thumb Code    26  stm32f4xx_tim.o(.text)
    TIM_SetIC3Prescaler                      0x08001be7   Thumb Code    18  stm32f4xx_tim.o(.text)
    TIM_SetIC2Prescaler                      0x08001c41   Thumb Code    26  stm32f4xx_tim.o(.text)
    TIM_SetIC1Prescaler                      0x08001cb5   Thumb Code    18  stm32f4xx_tim.o(.text)
    TIM_ICInit                               0x08001d01   Thumb Code   110  stm32f4xx_tim.o(.text)
    TIM_ICStructInit                         0x08001d6f   Thumb Code    18  stm32f4xx_tim.o(.text)
    TIM_PWMIConfig                           0x08001d81   Thumb Code   124  stm32f4xx_tim.o(.text)
    TIM_GetCapture1                          0x08001dfd   Thumb Code     6  stm32f4xx_tim.o(.text)
    TIM_GetCapture2                          0x08001e03   Thumb Code     6  stm32f4xx_tim.o(.text)
    TIM_GetCapture3                          0x08001e09   Thumb Code     6  stm32f4xx_tim.o(.text)
    TIM_GetCapture4                          0x08001e0f   Thumb Code     6  stm32f4xx_tim.o(.text)
    TIM_BDTRConfig                           0x08001e15   Thumb Code    32  stm32f4xx_tim.o(.text)
    TIM_BDTRStructInit                       0x08001e35   Thumb Code    18  stm32f4xx_tim.o(.text)
    TIM_CtrlPWMOutputs                       0x08001e47   Thumb Code    30  stm32f4xx_tim.o(.text)
    TIM_SelectCOM                            0x08001e65   Thumb Code    24  stm32f4xx_tim.o(.text)
    TIM_CCPreloadControl                     0x08001e7d   Thumb Code    24  stm32f4xx_tim.o(.text)
    TIM_ITConfig                             0x08001e95   Thumb Code    18  stm32f4xx_tim.o(.text)
    TIM_GenerateEvent                        0x08001ea7   Thumb Code     4  stm32f4xx_tim.o(.text)
    TIM_GetFlagStatus                        0x08001eab   Thumb Code    18  stm32f4xx_tim.o(.text)
    TIM_ClearFlag                            0x08001ebd   Thumb Code     6  stm32f4xx_tim.o(.text)
    TIM_GetITStatus                          0x08001ec3   Thumb Code    34  stm32f4xx_tim.o(.text)
    TIM_ClearITPendingBit                    0x08001ee5   Thumb Code     6  stm32f4xx_tim.o(.text)
    TIM_DMAConfig                            0x08001eeb   Thumb Code    10  stm32f4xx_tim.o(.text)
    TIM_DMACmd                               0x08001ef5   Thumb Code    18  stm32f4xx_tim.o(.text)
    TIM_SelectCCDMA                          0x08001f07   Thumb Code    24  stm32f4xx_tim.o(.text)
    TIM_InternalClockConfig                  0x08001f1f   Thumb Code    12  stm32f4xx_tim.o(.text)
    TIM_SelectInputTrigger                   0x08001f2b   Thumb Code    18  stm32f4xx_tim.o(.text)
    TIM_ITRxExternalClockConfig              0x08001f3d   Thumb Code    24  stm32f4xx_tim.o(.text)
    TIM_TIxExternalClockConfig               0x08001f55   Thumb Code    62  stm32f4xx_tim.o(.text)
    TIM_ETRConfig                            0x08001f93   Thumb Code    28  stm32f4xx_tim.o(.text)
    TIM_ETRClockMode1Config                  0x08001faf   Thumb Code    54  stm32f4xx_tim.o(.text)
    TIM_ETRClockMode2Config                  0x08001fe5   Thumb Code    32  stm32f4xx_tim.o(.text)
    TIM_SelectOutputTrigger                  0x08002005   Thumb Code    18  stm32f4xx_tim.o(.text)
    TIM_SelectSlaveMode                      0x08002017   Thumb Code    18  stm32f4xx_tim.o(.text)
    TIM_SelectMasterSlaveMode                0x08002029   Thumb Code    18  stm32f4xx_tim.o(.text)
    TIM_EncoderInterfaceConfig               0x0800203b   Thumb Code    66  stm32f4xx_tim.o(.text)
    TIM_SelectHallSensor                     0x0800207d   Thumb Code    24  stm32f4xx_tim.o(.text)
    TIM_RemapConfig                          0x08002095   Thumb Code     6  stm32f4xx_tim.o(.text)
    USART_DeInit                             0x0800209d   Thumb Code   206  stm32f4xx_usart.o(.text)
    USART_Init                               0x0800216b   Thumb Code   204  stm32f4xx_usart.o(.text)
    USART_StructInit                         0x08002237   Thumb Code    24  stm32f4xx_usart.o(.text)
    USART_ClockInit                          0x0800224f   Thumb Code    32  stm32f4xx_usart.o(.text)
    USART_ClockStructInit                    0x0800226f   Thumb Code    12  stm32f4xx_usart.o(.text)
    USART_Cmd                                0x0800227b   Thumb Code    24  stm32f4xx_usart.o(.text)
    USART_SetPrescaler                       0x08002293   Thumb Code    16  stm32f4xx_usart.o(.text)
    USART_OverSampling8Cmd                   0x080022a3   Thumb Code    22  stm32f4xx_usart.o(.text)
    USART_OneBitMethodCmd                    0x080022b9   Thumb Code    24  stm32f4xx_usart.o(.text)
    USART_SendData                           0x080022d1   Thumb Code     8  stm32f4xx_usart.o(.text)
    USART_ReceiveData                        0x080022d9   Thumb Code    10  stm32f4xx_usart.o(.text)
    USART_SetAddress                         0x080022e3   Thumb Code    18  stm32f4xx_usart.o(.text)
    USART_ReceiverWakeUpCmd                  0x080022f5   Thumb Code    24  stm32f4xx_usart.o(.text)
    USART_WakeUpConfig                       0x0800230d   Thumb Code    18  stm32f4xx_usart.o(.text)
    USART_LINBreakDetectLengthConfig         0x0800231f   Thumb Code    18  stm32f4xx_usart.o(.text)
    USART_LINCmd                             0x08002331   Thumb Code    24  stm32f4xx_usart.o(.text)
    USART_SendBreak                          0x08002349   Thumb Code    10  stm32f4xx_usart.o(.text)
    USART_HalfDuplexCmd                      0x08002353   Thumb Code    24  stm32f4xx_usart.o(.text)
    USART_SetGuardTime                       0x0800236b   Thumb Code    16  stm32f4xx_usart.o(.text)
    USART_SmartCardCmd                       0x0800237b   Thumb Code    24  stm32f4xx_usart.o(.text)
    USART_SmartCardNACKCmd                   0x08002393   Thumb Code    24  stm32f4xx_usart.o(.text)
    USART_IrDAConfig                         0x080023ab   Thumb Code    18  stm32f4xx_usart.o(.text)
    USART_IrDACmd                            0x080023bd   Thumb Code    24  stm32f4xx_usart.o(.text)
    USART_DMACmd                             0x080023d5   Thumb Code    18  stm32f4xx_usart.o(.text)
    USART_ITConfig                           0x080023e7   Thumb Code    74  stm32f4xx_usart.o(.text)
    USART_GetFlagStatus                      0x08002431   Thumb Code    26  stm32f4xx_usart.o(.text)
    USART_ClearFlag                          0x0800244b   Thumb Code    18  stm32f4xx_usart.o(.text)
    USART_GetITStatus                        0x0800245d   Thumb Code   118  stm32f4xx_usart.o(.text)
    USART_ClearITPendingBit                  0x080024d3   Thumb Code    30  stm32f4xx_usart.o(.text)
    delay_init                               0x080024f1   Thumb Code    52  delay.o(.text)
    delay_us                                 0x08002525   Thumb Code    72  delay.o(.text)
    delay_xms                                0x0800256d   Thumb Code    72  delay.o(.text)
    delay_ms                                 0x080025b5   Thumb Code    56  delay.o(.text)
    sys_init                                 0x080025f5   Thumb Code    62  sys.o(.text)
    _sys_exit                                0x08002635   Thumb Code     6  usart.o(.text)
    fputc                                    0x0800263b   Thumb Code    24  usart.o(.text)
    uart_init                                0x08002653   Thumb Code   172  usart.o(.text)
    USART1_IRQHandler                        0x080026ff   Thumb Code   122  usart.o(.text)
    USART1_SendByte                          0x08002779   Thumb Code    28  usart.o(.text)
    USART1_SendArray                         0x08002795   Thumb Code    26  usart.o(.text)
    uart2_init                               0x080027d5   Thumb Code   124  usart2.o(.text)
    USART2_SendByte                          0x08002851   Thumb Code    28  usart2.o(.text)
    USART2_SendArray                         0x0800286d   Thumb Code    26  usart2.o(.text)
    TIM3_Init                                0x08002891   Thumb Code    88  timer.o(.text)
    TIM3_IRQHandler                          0x080028e9   Thumb Code    28  timer.o(.text)
    TIM2_Init                                0x08002905   Thumb Code   118  timer.o(.text)
    TIM2_IRQHandler                          0x0800297b   Thumb Code   138  timer.o(.text)
    KEY_Init                                 0x08002a15   Thumb Code    60  key.o(.text)
    KEY_Scan                                 0x08002a51   Thumb Code   150  key.o(.text)
    Key_Handle                               0x08002ae7   Thumb Code   134  key.o(.text)
    LED_Init                                 0x08002b89   Thumb Code    56  led.o(.text)
    LCD_WR_REG                               0x08002bc5   Thumb Code    18  lcd.o(.text)
    LCD_WR_DATA                              0x08002bd7   Thumb Code    20  lcd.o(.text)
    LCD_RD_DATA                              0x08002beb   Thumb Code    16  lcd.o(.text)
    LCD_WriteReg                             0x08002bfb   Thumb Code    20  lcd.o(.text)
    LCD_ReadReg                              0x08002c0f   Thumb Code    22  lcd.o(.text)
    LCD_WriteRAM_Prepare                     0x08002c25   Thumb Code    10  lcd.o(.text)
    LCD_WriteRAM                             0x08002c2f   Thumb Code     8  lcd.o(.text)
    LCD_BGR2RGB                              0x08002c37   Thumb Code    26  lcd.o(.text)
    opt_delay                                0x08002c51   Thumb Code    14  lcd.o(.text)
    LCD_SetCursor                            0x08002c5f   Thumb Code   274  lcd.o(.text)
    LCD_ReadPoint                            0x08002d71   Thumb Code   356  lcd.o(.text)
    LCD_DisplayOn                            0x08002ed5   Thumb Code    80  lcd.o(.text)
    LCD_DisplayOff                           0x08002f25   Thumb Code    78  lcd.o(.text)
    LCD_Scan_Dir                             0x08002f73   Thumb Code   332  lcd.o(.text)
    LCD_DrawPoint                            0x080030bf   Thumb Code    28  lcd.o(.text)
    LCD_Fast_DrawPoint                       0x080030db   Thumb Code   290  lcd.o(.text)
    LCD_Display_Dir                          0x080031fd   Thumb Code    72  lcd.o(.text)
    LCD_Set_Window                           0x08003245   Thumb Code   382  lcd.o(.text)
    LCD_Clear                                0x080033c3   Thumb Code   114  lcd.o(.text)
    LCD_Init                                 0x08003435   Thumb Code   964  lcd.o(.text)
    LCD_Fill                                 0x080037f9   Thumb Code   224  lcd.o(.text)
    LCD_Color_Fill                           0x080038d9   Thumb Code    92  lcd.o(.text)
    LCD_DrawLine                             0x08003935   Thumb Code   176  lcd.o(.text)
    LCD_DrawRectangle                        0x080039e5   Thumb Code    60  lcd.o(.text)
    LCD_Draw_Circle                          0x08003a21   Thumb Code   152  lcd.o(.text)
    LCD_ShowChar                             0x08003ab9   Thumb Code   272  lcd.o(.text)
    LCD_Pow                                  0x08003bc9   Thumb Code    22  lcd.o(.text)
    LCD_ShowNum                              0x08003bdf   Thumb Code   178  lcd.o(.text)
    LCD_ShowxNum                             0x08003c91   Thumb Code   190  lcd.o(.text)
    LCD_ShowString                           0x08003d4f   Thumb Code   102  lcd.o(.text)
    LCD_ShowChinese                          0x08003db5   Thumb Code   176  lcd.o(.text)
    drawCurve                                0x08003e65   Thumb Code   108  lcd.o(.text)
    Port_DrawCurve                           0x08003ed1   Thumb Code   132  lcd.o(.text)
    show_picture                             0x08003f55   Thumb Code    66  lcd.o(.text)
    LCD_ShowTitle                            0x08003f97   Thumb Code   144  lcd.o(.text)
    LCD_InitUI                               0x08004027   Thumb Code   880  lcd.o(.text)
    I2C_INIT                                 0x0800439d   Thumb Code    90  iic.o(.text)
    I2C_SDA_OUT                              0x080043f7   Thumb Code    30  iic.o(.text)
    I2C_SDA_IN                               0x08004415   Thumb Code    28  iic.o(.text)
    I2C_SDA_in                               0x08004431   Thumb Code    28  iic.o(.text)
    I2C_StarT                                0x0800444d   Thumb Code    44  iic.o(.text)
    I2C_StoP                                 0x08004479   Thumb Code    52  iic.o(.text)
    I2C_Ack                                  0x080044ad   Thumb Code    52  iic.o(.text)
    I2C_NAck                                 0x080044e1   Thumb Code    52  iic.o(.text)
    I2C_Wait_Ack                             0x08004515   Thumb Code    90  iic.o(.text)
    I2C_Send_Byte                            0x0800456f   Thumb Code   100  iic.o(.text)
    I2C_Read_Byte                            0x080045d3   Thumb Code   100  iic.o(.text)
    I2C_INIT_2                               0x0800463d   Thumb Code    90  iic2.o(.text)
    I2C_SDA_OUT_2                            0x08004697   Thumb Code    30  iic2.o(.text)
    I2C_SDA_IN_2                             0x080046b5   Thumb Code    28  iic2.o(.text)
    I2C_SDA_in_2                             0x080046d1   Thumb Code    28  iic2.o(.text)
    I2C_StarT_2                              0x080046ed   Thumb Code    52  iic2.o(.text)
    I2C_StoP_2                               0x08004721   Thumb Code    52  iic2.o(.text)
    I2C_Ack_2                                0x08004755   Thumb Code    52  iic2.o(.text)
    I2C_NAck_2                               0x08004789   Thumb Code    52  iic2.o(.text)
    I2C_Wait_Ack_2                           0x080047bd   Thumb Code    90  iic2.o(.text)
    I2C_Send_Byte_2                          0x08004817   Thumb Code   114  iic2.o(.text)
    I2C_Read_Byte_2                          0x08004889   Thumb Code   100  iic2.o(.text)
    GX310_Write_conf                         0x080048f1   Thumb Code    38  gx310.o(.text)
    GX310_Read_Res                           0x08004917   Thumb Code   120  gx310.o(.text)
    GX310_Write_pc                           0x0800498f   Thumb Code    38  gx310.o(.text)
    GX310_Read_pc                            0x080049b5   Thumb Code   120  gx310.o(.text)
    read_temperature                         0x08004a2d   Thumb Code  1728  gx310.o(.text)
    Display_update                           0x08005131   Thumb Code   686  function.o(.text)
    Beep_Init                                0x080053df   Thumb Code    42  function.o(.text)
    Beep_Set                                 0x08005409   Thumb Code    28  function.o(.text)
    Beep_Drive                               0x08005425   Thumb Code   214  function.o(.text)
    DisplayWaveform_update                   0x080054fb   Thumb Code   186  function.o(.text)
    Sensor_Handle                            0x080055b5   Thumb Code   328  function.o(.text)
    LED_Handle                               0x080056fd   Thumb Code    40  function.o(.text)
    Usart_Handle                             0x08005725   Thumb Code    64  function.o(.text)
    compare                                  0x08005765   Thumb Code    10  function.o(.text)
    blood_pressure                           0x0800576f   Thumb Code   286  function.o(.text)
    qsort                                    0x080058e1   Thumb Code   156  qsort.o(.text)
    __aeabi_memset                           0x0800597d   Thumb Code    14  memseta.o(.text)
    __aeabi_memset4                          0x0800597d   Thumb Code     0  memseta.o(.text)
    __aeabi_memset8                          0x0800597d   Thumb Code     0  memseta.o(.text)
    __aeabi_memclr                           0x0800598b   Thumb Code     4  memseta.o(.text)
    __aeabi_memclr4                          0x0800598b   Thumb Code     0  memseta.o(.text)
    __aeabi_memclr8                          0x0800598b   Thumb Code     0  memseta.o(.text)
    _memset$wrapper                          0x0800598f   Thumb Code    18  memseta.o(.text)
    __aeabi_dadd                             0x080059a1   Thumb Code   322  dadd.o(.text)
    __aeabi_dsub                             0x08005ae3   Thumb Code     6  dadd.o(.text)
    __aeabi_drsub                            0x08005ae9   Thumb Code     6  dadd.o(.text)
    __aeabi_dmul                             0x08005aef   Thumb Code   228  dmul.o(.text)
    __aeabi_ddiv                             0x08005bd3   Thumb Code   222  ddiv.o(.text)
    __aeabi_i2d                              0x08005cb1   Thumb Code    34  dflti.o(.text)
    __aeabi_ui2d                             0x08005cd3   Thumb Code    26  dfltui.o(.text)
    __aeabi_f2d                              0x08005ced   Thumb Code    38  f2d.o(.text)
    __aeabi_cdrcmple                         0x08005d15   Thumb Code    48  cdrcmple.o(.text)
    __aeabi_d2f                              0x08005d45   Thumb Code    56  d2f.o(.text)
    __aeabi_uldivmod                         0x08005d7d   Thumb Code    98  uldiv.o(.text)
    __aeabi_llsl                             0x08005ddf   Thumb Code    30  llshl.o(.text)
    _ll_shift_l                              0x08005ddf   Thumb Code     0  llshl.o(.text)
    __aeabi_lasr                             0x08005dfd   Thumb Code    36  llsshr.o(.text)
    _ll_sshift_r                             0x08005dfd   Thumb Code     0  llsshr.o(.text)
    __I$use$fp                               0x08005e21   Thumb Code     0  iusefp.o(.text)
    _float_round                             0x08005e21   Thumb Code    18  fepilogue.o(.text)
    _float_epilogue                          0x08005e33   Thumb Code    92  fepilogue.o(.text)
    _double_round                            0x08005e8f   Thumb Code    30  depilogue.o(.text)
    _double_epilogue                         0x08005ead   Thumb Code   156  depilogue.o(.text)
    __scatterload                            0x08005f49   Thumb Code    28  init.o(.text)
    __scatterload_rt2                        0x08005f49   Thumb Code     0  init.o(.text)
    __aeabi_llsr                             0x08005f6d   Thumb Code    32  llushr.o(.text)
    _ll_ushift_r                             0x08005f6d   Thumb Code     0  llushr.o(.text)
    __0printf$5                              0x08005f8d   Thumb Code    22  printf5.o(i.__0printf$5)
    __1printf$5                              0x08005f8d   Thumb Code     0  printf5.o(i.__0printf$5)
    __2printf                                0x08005f8d   Thumb Code     0  printf5.o(i.__0printf$5)
    __scatterload_copy                       0x08005fad   Thumb Code    14  handlers.o(i.__scatterload_copy)
    __scatterload_null                       0x08005fbb   Thumb Code     2  handlers.o(i.__scatterload_null)
    __scatterload_zeroinit                   0x08005fbd   Thumb Code    14  handlers.o(i.__scatterload_zeroinit)
    FSMC_DefaultTimingStruct                 0x0800628c   Data          28  stm32f4xx_fsmc.o(.constdata)
    asc2_1206                                0x080062a8   Data        1140  lcd.o(.constdata)
    asc2_1608                                0x0800671c   Data        1520  lcd.o(.constdata)
    asc2_2412                                0x08006d0c   Data        3420  lcd.o(.constdata)
    chinese                                  0x08007a68   Data        1296  lcd.o(.constdata)
    font                                     0x08007f78   Data         512  lcd.o(.constdata)
    gImage_pic                               0x08008178   Data       10088  lcd.o(.constdata)
    Region$$Table$$Base                      0x0800a8e0   Number         0  anon$$obj.o(Region$$Table)
    Region$$Table$$Limit                     0x0800a900   Number         0  anon$$obj.o(Region$$Table)
    SystemCoreClock                          0x20000000   Data           4  system_stm32f4xx.o(.data)
    AHBPrescTable                            0x20000004   Data          16  system_stm32f4xx.o(.data)
    __stdout                                 0x20000028   Data           4  usart.o(.data)
    USART_RX_STA                             0x2000002c   Data           2  usart.o(.data)
    b_Star                                   0x2000002e   Data           1  usart.o(.data)
    b_WorkFlag                               0x2000002f   Data           1  usart.o(.data)
    USART1_RxFlag                            0x20000030   Data           1  usart.o(.data)
    Timer_Structure                          0x20000035   Data           7  timer.o(.data)
    b_Tempwork                               0x2000003c   Data           1  key.o(.data)
    POINT_COLOR                              0x20000040   Data           2  lcd.o(.data)
    BACK_COLOR                               0x20000042   Data           2  lcd.o(.data)
    lastX                                    0x20000044   Data           2  lcd.o(.data)
    lastY                                    0x20000046   Data           2  lcd.o(.data)
    firstPoint                               0x20000048   Data           1  lcd.o(.data)
    t_sensor                                 0x20000050   Data           4  gx310.o(.data)
    t_display                                0x20000054   Data           4  gx310.o(.data)
    t_predict                                0x20000058   Data           4  gx310.o(.data)
    t_temp80                                 0x2000005c   Data           4  gx310.o(.data)
    t_environment                            0x20000060   Data           4  gx310.o(.data)
    t_watch                                  0x20000064   Data           4  gx310.o(.data)
    n                                        0x20000068   Data           4  gx310.o(.data)
    temp_xdata                               0x2000006c   Data           1  function.o(.data)
    USART_RX_BUF                             0x20000080   Data         200  usart.o(.bss)
    Data50buf                                0x20000148   Data          88  usart.o(.bss)
    makerbase_lcd                            0x200001a0   Data          14  lcd.o(.bss)
    Beep_Structure                           0x200001b0   Data          10  function.o(.bss)
    Temp_Structure                           0x200001bc   Data          20  function.o(.bss)
    Pressure_Structure                       0x200001d0   Data          18  function.o(.bss)
    __initial_sp                             0x200005e8   Data           0  startup_stm32f40_41xxx.o(STACK)



==============================================================================

Memory Map of the image

  Image Entry point : 0x08000189

  Load Region LR_IROM1 (Base: 0x08000000, Size: 0x0000a980, Max: 0x00080000, ABSOLUTE)

    Execution Region ER_IROM1 (Exec base: 0x08000000, Load base: 0x08000000, Size: 0x0000a900, Max: 0x00080000, ABSOLUTE)

    Exec Addr    Load Addr    Size         Type   Attr      Idx    E Section Name        Object

    0x08000000   0x08000000   0x00000188   Data   RO          263    RESET               startup_stm32f40_41xxx.o
    0x08000188   0x08000188   0x00000000   Code   RO         1493  * .ARM.Collect$$$$00000000  mc_w.l(entry.o)
    0x08000188   0x08000188   0x00000004   Code   RO         1777    .ARM.Collect$$$$00000001  mc_w.l(entry2.o)
    0x0800018c   0x0800018c   0x00000004   Code   RO         1780    .ARM.Collect$$$$00000004  mc_w.l(entry5.o)
    0x08000190   0x08000190   0x00000000   Code   RO         1782    .ARM.Collect$$$$00000008  mc_w.l(entry7b.o)
    0x08000190   0x08000190   0x00000000   Code   RO         1784    .ARM.Collect$$$$0000000A  mc_w.l(entry8b.o)
    0x08000190   0x08000190   0x00000008   Code   RO         1785    .ARM.Collect$$$$0000000B  mc_w.l(entry9a.o)
    0x08000198   0x08000198   0x00000004   Code   RO         1792    .ARM.Collect$$$$0000000E  mc_w.l(entry12b.o)
    0x0800019c   0x0800019c   0x00000000   Code   RO         1787    .ARM.Collect$$$$0000000F  mc_w.l(entry10a.o)
    0x0800019c   0x0800019c   0x00000000   Code   RO         1789    .ARM.Collect$$$$00000011  mc_w.l(entry11a.o)
    0x0800019c   0x0800019c   0x00000004   Code   RO         1778    .ARM.Collect$$$$00002712  mc_w.l(entry2.o)
    0x080001a0   0x080001a0   0x00000070   Code   RO            4    .text               main.o
    0x08000210   0x08000210   0x0000001a   Code   RO          181    .text               stm32f4xx_it.o
    0x0800022a   0x0800022a   0x00000002   PAD
    0x0800022c   0x0800022c   0x00000210   Code   RO          234    .text               system_stm32f4xx.o
    0x0800043c   0x0800043c   0x00000024   Code   RO          264    .text               startup_stm32f40_41xxx.o
    0x08000460   0x08000460   0x000000e0   Code   RO          271    .text               misc.o
    0x08000540   0x08000540   0x000005c8   Code   RO          661    .text               stm32f4xx_fsmc.o
    0x08000b08   0x08000b08   0x00000294   Code   RO          688    .text               stm32f4xx_gpio.o
    0x08000d9c   0x08000d9c   0x0000065c   Code   RO          883    .text               stm32f4xx_rcc.o
    0x080013f8   0x080013f8   0x00000ca2   Code   RO         1056    .text               stm32f4xx_tim.o
    0x0800209a   0x0800209a   0x00000002   PAD
    0x0800209c   0x0800209c   0x00000454   Code   RO         1080    .text               stm32f4xx_usart.o
    0x080024f0   0x080024f0   0x00000104   Code   RO         1128    .text               delay.o
    0x080025f4   0x080025f4   0x0000003e   Code   RO         1155    .text               sys.o
    0x08002632   0x08002632   0x00000002   PAD
    0x08002634   0x08002634   0x000001a0   Code   RO         1192    .text               usart.o
    0x080027d4   0x080027d4   0x000000bc   Code   RO         1230    .text               usart2.o
    0x08002890   0x08002890   0x00000184   Code   RO         1261    .text               timer.o
    0x08002a14   0x08002a14   0x00000174   Code   RO         1291    .text               key.o
    0x08002b88   0x08002b88   0x0000003c   Code   RO         1321    .text               led.o
    0x08002bc4   0x08002bc4   0x000017d8   Code   RO         1345    .text               lcd.o
    0x0800439c   0x0800439c   0x000002a0   Code   RO         1387    .text               iic.o
    0x0800463c   0x0800463c   0x000002b4   Code   RO         1411    .text               iic2.o
    0x080048f0   0x080048f0   0x00000840   Code   RO         1435    .text               gx310.o
    0x08005130   0x08005130   0x000007b0   Code   RO         1462    .text               function.o
    0x080058e0   0x080058e0   0x0000009c   Code   RO         1496    .text               mc_w.l(qsort.o)
    0x0800597c   0x0800597c   0x00000024   Code   RO         1498    .text               mc_w.l(memseta.o)
    0x080059a0   0x080059a0   0x0000014e   Code   RO         1761    .text               mf_w.l(dadd.o)
    0x08005aee   0x08005aee   0x000000e4   Code   RO         1763    .text               mf_w.l(dmul.o)
    0x08005bd2   0x08005bd2   0x000000de   Code   RO         1765    .text               mf_w.l(ddiv.o)
    0x08005cb0   0x08005cb0   0x00000022   Code   RO         1767    .text               mf_w.l(dflti.o)
    0x08005cd2   0x08005cd2   0x0000001a   Code   RO         1769    .text               mf_w.l(dfltui.o)
    0x08005cec   0x08005cec   0x00000026   Code   RO         1771    .text               mf_w.l(f2d.o)
    0x08005d12   0x08005d12   0x00000002   PAD
    0x08005d14   0x08005d14   0x00000030   Code   RO         1773    .text               mf_w.l(cdrcmple.o)
    0x08005d44   0x08005d44   0x00000038   Code   RO         1775    .text               mf_w.l(d2f.o)
    0x08005d7c   0x08005d7c   0x00000062   Code   RO         1795    .text               mc_w.l(uldiv.o)
    0x08005dde   0x08005dde   0x0000001e   Code   RO         1797    .text               mc_w.l(llshl.o)
    0x08005dfc   0x08005dfc   0x00000024   Code   RO         1799    .text               mc_w.l(llsshr.o)
    0x08005e20   0x08005e20   0x00000000   Code   RO         1801    .text               mc_w.l(iusefp.o)
    0x08005e20   0x08005e20   0x0000006e   Code   RO         1802    .text               mf_w.l(fepilogue.o)
    0x08005e8e   0x08005e8e   0x000000ba   Code   RO         1804    .text               mf_w.l(depilogue.o)
    0x08005f48   0x08005f48   0x00000024   Code   RO         1808    .text               mc_w.l(init.o)
    0x08005f6c   0x08005f6c   0x00000020   Code   RO         1810    .text               mc_w.l(llushr.o)
    0x08005f8c   0x08005f8c   0x00000020   Code   RO         1633    i.__0printf$5       mc_w.l(printf5.o)
    0x08005fac   0x08005fac   0x0000000e   Code   RO         1814    i.__scatterload_copy  mc_w.l(handlers.o)
    0x08005fba   0x08005fba   0x00000002   Code   RO         1815    i.__scatterload_null  mc_w.l(handlers.o)
    0x08005fbc   0x08005fbc   0x0000000e   Code   RO         1816    i.__scatterload_zeroinit  mc_w.l(handlers.o)
    0x08005fca   0x08005fca   0x00000002   PAD
    0x08005fcc   0x08005fcc   0x000002c0   Code   RO         1640    i._printf_core      mc_w.l(printf5.o)
    0x0800628c   0x0800628c   0x0000001c   Data   RO          662    .constdata          stm32f4xx_fsmc.o
    0x080062a8   0x080062a8   0x00004638   Data   RO         1347    .constdata          lcd.o
    0x0800a8e0   0x0800a8e0   0x00000020   Data   RO         1812    Region$$Table       anon$$obj.o


    Execution Region RW_IRAM1 (Exec base: 0x20000000, Load base: 0x0800a900, Size: 0x000005e8, Max: 0x00020000, ABSOLUTE)

    Exec Addr    Load Addr    Size         Type   Attr      Idx    E Section Name        Object

    0x20000000   0x0800a900   0x00000014   Data   RW          235    .data               system_stm32f4xx.o
    0x20000014   0x0800a914   0x00000010   Data   RW          884    .data               stm32f4xx_rcc.o
    0x20000024   0x0800a924   0x00000004   Data   RW         1129    .data               delay.o
    0x20000028   0x0800a928   0x0000000d   Data   RW         1194    .data               usart.o
    0x20000035   0x0800a935   0x00000007   Data   RW         1262    .data               timer.o
    0x2000003c   0x0800a93c   0x00000003   Data   RW         1292    .data               key.o
    0x2000003f   0x0800a93f   0x00000001   PAD
    0x20000040   0x0800a940   0x0000000f   Data   RW         1348    .data               lcd.o
    0x2000004f   0x0800a94f   0x00000001   PAD
    0x20000050   0x0800a950   0x0000001c   Data   RW         1436    .data               gx310.o
    0x2000006c   0x0800a96c   0x00000011   Data   RW         1464    .data               function.o
    0x2000007d   0x0800a97d   0x00000003   PAD
    0x20000080        -       0x00000120   Zero   RW         1193    .bss                usart.o
    0x200001a0        -       0x0000000e   Zero   RW         1346    .bss                lcd.o
    0x200001ae   0x0800a97d   0x00000002   PAD
    0x200001b0        -       0x00000032   Zero   RW         1463    .bss                function.o
    0x200001e2   0x0800a97d   0x00000006   PAD
    0x200001e8        -       0x00000400   Zero   RW          261    STACK               startup_stm32f40_41xxx.o


==============================================================================

Image component sizes


      Code (inc. data)   RO Data    RW Data    ZI Data      Debug   Object Name

       260          8          0          4          0       1533   delay.o
      1968        126          0         17         50       5361   function.o
      2112        190          0         28          0       2524   gx310.o
       672          6          0          0          0       2422   iic.o
       692          4          0          0          0       2480   iic2.o
       372         28          0          3          0       1324   key.o
      6104        174      17976         15         14      18446   lcd.o
        60          4          0          0          0        551   led.o
       112          6          0          0          0     290163   main.o
       224         20          0          0          0       1869   misc.o
        36          8        392          0       1024        848   startup_stm32f40_41xxx.o
      1480         18         28          0          0       5726   stm32f4xx_fsmc.o
       660         44          0          0          0       4209   stm32f4xx_gpio.o
        26          0          0          0          0       1250   stm32f4xx_it.o
      1628         52          0         16          0      13112   stm32f4xx_rcc.o
      3234         60          0          0          0      23068   stm32f4xx_tim.o
      1108         34          0          0          0       7936   stm32f4xx_usart.o
        62          0          0          0          0        531   sys.o
       528         46          0         20          0       1855   system_stm32f4xx.o
       388         16          0          7          0       2084   timer.o
       416         38          0         13        288       4181   usart.o
       188         10          0          0          0       1434   usart2.o

    ----------------------------------------------------------------------
     22336        892      18428        128       1384     392907   Object Totals
         0          0         32          0          0          0   (incl. Generated)
         6          0          0          5          8          0   (incl. Padding)

    ----------------------------------------------------------------------

      Code (inc. data)   RO Data    RW Data    ZI Data      Debug   Library Member Name

         0          0          0          0          0          0   entry.o
         0          0          0          0          0          0   entry10a.o
         0          0          0          0          0          0   entry11a.o
         4          0          0          0          0          0   entry12b.o
         8          4          0          0          0          0   entry2.o
         4          0          0          0          0          0   entry5.o
         0          0          0          0          0          0   entry7b.o
         0          0          0          0          0          0   entry8b.o
         8          4          0          0          0          0   entry9a.o
        30          0          0          0          0          0   handlers.o
        36          8          0          0          0         68   init.o
         0          0          0          0          0          0   iusefp.o
        30          0          0          0          0         68   llshl.o
        36          0          0          0          0         68   llsshr.o
        32          0          0          0          0         68   llushr.o
        36          0          0          0          0        108   memseta.o
       736         54          0          0          0        184   printf5.o
       156          0          0          0          0         88   qsort.o
        98          0          0          0          0         92   uldiv.o
        48          0          0          0          0         68   cdrcmple.o
        56          0          0          0          0         88   d2f.o
       334          0          0          0          0        148   dadd.o
       222          0          0          0          0        100   ddiv.o
       186          0          0          0          0        176   depilogue.o
        34          0          0          0          0         76   dflti.o
        26          0          0          0          0         76   dfltui.o
       228          0          0          0          0         96   dmul.o
        38          0          0          0          0         68   f2d.o
       110          0          0          0          0        168   fepilogue.o

    ----------------------------------------------------------------------
      2500         70          0          0          0       1808   Library Totals
         4          0          0          0          0          0   (incl. Padding)

    ----------------------------------------------------------------------

      Code (inc. data)   RO Data    RW Data    ZI Data      Debug   Library Name

      1214         70          0          0          0        744   mc_w.l
      1282          0          0          0          0       1064   mf_w.l

    ----------------------------------------------------------------------
      2500         70          0          0          0       1808   Library Totals

    ----------------------------------------------------------------------

==============================================================================


      Code (inc. data)   RO Data    RW Data    ZI Data      Debug   

     24836        962      18428        128       1384     390187   Grand Totals
     24836        962      18428        128       1384     390187   ELF Image Totals
     24836        962      18428        128          0          0   ROM Totals

==============================================================================

    Total RO  Size (Code + RO Data)                43264 (  42.25kB)
    Total RW  Size (RW Data + ZI Data)              1512 (   1.48kB)
    Total ROM Size (Code + RO Data + RW Data)      43392 (  42.38kB)

==============================================================================

